Decision log: unified_engine_out/decision_intents.csv
DEBUG: backtesting.engine imported from: /home/jetpackjules/backtesting/engine.py
!!! WARNING: RUNNING IN LIVE TRADING MODE !!!
DEBUG: Sync Cash | Old: 0.00 | New (API): 9.76
DEBUG: Canceling all existing orders on startup...
Saved launch snapshot to: /home/jetpackjules/snapshots/snapshot_2026-02-09_190112.json
Performing Startup Sweep (Cancelling all open orders)...
Startup Sweep Complete.
DEBUG: iter_ticks_from_market_logs imported from: unified_engine.tick_sources
DEBUG: Using log_dir: market_logs
DEBUG: Init File market_data_KXHIGHNY-26FEB09.csv | StartAtEnd=True | Offset=14493530 | Size=14501650
DEBUG: Init File market_data_KXHIGHNY-26FEB10.csv | StartAtEnd=True | Offset=2089983 | Size=2098126
[DIAG] event=TICK_IN log_ts=2026-02-09T19:01:13.061032 tick_ts=2026-02-09T18:38:22.033580 ticker=KXHIGHNY-26FEB09-B30.5
[DIAG] event=STALE_TICK log_ts=2026-02-09T19:01:13.101825 tick_ts=2026-02-09T18:38:22.033580 ticker=KXHIGHNY-26FEB09-B30.5 lag_s=1371.068 window_s=60.0 source=market_data_KXHIGHNY-26FEB09.csv row=0
[DIAG] event=TICK_IN log_ts=2026-02-09T19:01:13.101910 tick_ts=2026-02-09T18:38:23.114467 ticker=KXHIGHNY-26FEB09-B30.5
[DIAG] event=STALE_TICK log_ts=2026-02-09T19:01:13.101942 tick_ts=2026-02-09T18:38:23.114467 ticker=KXHIGHNY-26FEB09-B30.5 lag_s=1369.987 window_s=60.0 source=market_data_KXHIGHNY-26FEB09.csv row=1
[DIAG] event=TICK_IN log_ts=2026-02-09T19:01:13.101987 tick_ts=2026-02-09T18:38:47.966744 ticker=KXHIGHNY-26FEB09-B34.5
[DIAG] event=STALE_TICK log_ts=2026-02-09T19:01:13.102009 tick_ts=2026-02-09T18:38:47.966744 ticker=KXHIGHNY-26FEB09-B34.5 lag_s=1345.135 window_s=60.0 source=market_data_KXHIGHNY-26FEB09.csv row=2
[DIAG] event=TICK_IN log_ts=2026-02-09T19:01:13.102041 tick_ts=2026-02-09T18:39:14.998763 ticker=KXHIGHNY-26FEB09-T28
[DIAG] event=STALE_TICK log_ts=2026-02-09T19:01:13.102061 tick_ts=2026-02-09T18:39:14.998763 ticker=KXHIGHNY-26FEB09-T28 lag_s=1318.103 window_s=60.0 source=market_data_KXHIGHNY-26FEB09.csv row=3
[DIAG] event=TICK_IN log_ts=2026-02-09T19:01:13.102089 tick_ts=2026-02-09T18:39:23.039544 ticker=KXHIGHNY-26FEB09-B30.5
[DIAG] event=STALE_TICK log_ts=2026-02-09T19:01:13.102108 tick_ts=2026-02-09T18:39:23.039544 ticker=KXHIGHNY-26FEB09-B30.5 lag_s=1310.063 window_s=60.0 source=market_data_KXHIGHNY-26FEB09.csv row=4
[DIAG] event=TICK_IN log_ts=2026-02-09T19:01:13.102137 tick_ts=2026-02-09T18:39:24.150782 ticker=KXHIGHNY-26FEB09-B30.5
[DIAG] event=STALE_TICK log_ts=2026-02-09T19:01:13.102156 tick_ts=2026-02-09T18:39:24.150782 ticker=KXHIGHNY-26FEB09-B30.5 lag_s=1308.951 window_s=60.0 source=market_data_KXHIGHNY-26FEB09.csv row=5
[DIAG] event=TICK_IN log_ts=2026-02-09T19:01:13.102181 tick_ts=2026-02-09T18:39:56.343354 ticker=KXHIGHNY-26FEB09-B28.5
[DIAG] event=STALE_TICK log_ts=2026-02-09T19:01:13.102199 tick_ts=2026-02-09T18:39:56.343354 ticker=KXHIGHNY-26FEB09-B28.5 lag_s=1276.759 window_s=60.0 source=market_data_KXHIGHNY-26FEB09.csv row=6
[DIAG] event=TICK_IN log_ts=2026-02-09T19:01:13.102243 tick_ts=2026-02-09T18:40:24.030184 ticker=KXHIGHNY-26FEB09-B30.5
[DIAG] event=STALE_TICK log_ts=2026-02-09T19:01:13.102287 tick_ts=2026-02-09T18:40:24.030184 ticker=KXHIGHNY-26FEB09-B30.5 lag_s=1249.072 window_s=60.0 source=market_data_KXHIGHNY-26FEB09.csv row=7
[DIAG] event=TICK_IN log_ts=2026-02-09T19:01:13.102314 tick_ts=2026-02-09T18:40:25.130482 ticker=KXHIGHNY-26FEB09-B30.5
[DIAG] event=STALE_TICK log_ts=2026-02-09T19:01:13.102334 tick_ts=2026-02-09T18:40:25.130482 ticker=KXHIGHNY-26FEB09-B30.5 lag_s=1247.972 window_s=60.0 source=market_data_KXHIGHNY-26FEB09.csv row=8
[DIAG] event=TICK_IN log_ts=2026-02-09T19:01:13.102359 tick_ts=2026-02-09T18:41:06.781187 ticker=KXHIGHNY-26FEB09-T28
[DIAG] event=STALE_TICK log_ts=2026-02-09T19:01:13.102377 tick_ts=2026-02-09T18:41:06.781187 ticker=KXHIGHNY-26FEB09-T28 lag_s=1206.321 window_s=60.0 source=market_data_KXHIGHNY-26FEB09.csv row=9
--- Status @ 19:01:13.151 ---
Equity: $9.76
Cash: $9.76
Portfolio Value: $0.00
Daily Budget: $4.88
Exposure: $0.00
[DIAG] event=TICK_IN log_ts=2026-02-09T19:01:13.151964 tick_ts=2026-02-09T18:41:10.687257 ticker=KXHIGHNY-26FEB09-B30.5
[DIAG] event=STALE_TICK log_ts=2026-02-09T19:01:13.152036 tick_ts=2026-02-09T18:41:10.687257 ticker=KXHIGHNY-26FEB09-B30.5 lag_s=1202.465 window_s=60.0 source=market_data_KXHIGHNY-26FEB09.csv row=10
[DIAG] event=TICK_IN log_ts=2026-02-09T19:01:13.152081 tick_ts=2026-02-09T18:41:25.051654 ticker=KXHIGHNY-26FEB09-B30.5
[DIAG] event=STALE_TICK log_ts=2026-02-09T19:01:13.152105 tick_ts=2026-02-09T18:41:25.051654 ticker=KXHIGHNY-26FEB09-B30.5 lag_s=1188.1 window_s=60.0 source=market_data_KXHIGHNY-26FEB09.csv row=11
[DIAG] event=TICK_IN log_ts=2026-02-09T19:01:13.152135 tick_ts=2026-02-09T18:41:26.110486 ticker=KXHIGHNY-26FEB09-B30.5
[DIAG] event=STALE_TICK log_ts=2026-02-09T19:01:13.152155 tick_ts=2026-02-09T18:41:26.110486 ticker=KXHIGHNY-26FEB09-B30.5 lag_s=1187.042 window_s=60.0 source=market_data_KXHIGHNY-26FEB09.csv row=12
[DIAG] event=TICK_IN log_ts=2026-02-09T19:01:13.152182 tick_ts=2026-02-09T18:42:26.039498 ticker=KXHIGHNY-26FEB09-B30.5
[DIAG] event=STALE_TICK log_ts=2026-02-09T19:01:13.152207 tick_ts=2026-02-09T18:42:26.039498 ticker=KXHIGHNY-26FEB09-B30.5 lag_s=1127.113 window_s=60.0 source=market_data_KXHIGHNY-26FEB09.csv row=13
[DIAG] event=TICK_IN log_ts=2026-02-09T19:01:13.152232 tick_ts=2026-02-09T18:42:27.103147 ticker=KXHIGHNY-26FEB09-B30.5
[DIAG] event=STALE_TICK log_ts=2026-02-09T19:01:13.152250 tick_ts=2026-02-09T18:42:27.103147 ticker=KXHIGHNY-26FEB09-B30.5 lag_s=1126.049 window_s=60.0 source=market_data_KXHIGHNY-26FEB09.csv row=14
[DIAG] event=TICK_IN log_ts=2026-02-09T19:01:13.152585 tick_ts=2026-02-09T18:43:01.971135 ticker=KXHIGHNY-26FEB09-T28
[DIAG] event=STALE_TICK log_ts=2026-02-09T19:01:13.152656 tick_ts=2026-02-09T18:43:01.971135 ticker=KXHIGHNY-26FEB09-T28 lag_s=1091.182 window_s=60.0 source=market_data_KXHIGHNY-26FEB09.csv row=15
[DIAG] event=TICK_IN log_ts=2026-02-09T19:01:13.152703 tick_ts=2026-02-09T18:43:27.044201 ticker=KXHIGHNY-26FEB09-B30.5
[DIAG] event=STALE_TICK log_ts=2026-02-09T19:01:13.152726 tick_ts=2026-02-09T18:43:27.044201 ticker=KXHIGHNY-26FEB09-B30.5 lag_s=1066.109 window_s=60.0 source=market_data_KXHIGHNY-26FEB09.csv row=16
[DIAG] event=TICK_IN log_ts=2026-02-09T19:01:13.152756 tick_ts=2026-02-09T18:43:28.080991 ticker=KXHIGHNY-26FEB09-B30.5
[DIAG] event=STALE_TICK log_ts=2026-02-09T19:01:13.152776 tick_ts=2026-02-09T18:43:28.080991 ticker=KXHIGHNY-26FEB09-B30.5 lag_s=1065.072 window_s=60.0 source=market_data_KXHIGHNY-26FEB09.csv row=17
[DIAG] event=TICK_IN log_ts=2026-02-09T19:01:13.152803 tick_ts=2026-02-09T18:43:31.919766 ticker=KXHIGHNY-26FEB09-B30.5
[DIAG] event=STALE_TICK log_ts=2026-02-09T19:01:13.152823 tick_ts=2026-02-09T18:43:31.919766 ticker=KXHIGHNY-26FEB09-B30.5 lag_s=1061.233 window_s=60.0 source=market_data_KXHIGHNY-26FEB09.csv row=18
[DIAG] event=TICK_IN log_ts=2026-02-09T19:01:13.152849 tick_ts=2026-02-09T18:43:33.731991 ticker=KXHIGHNY-26FEB09-B32.5
[DIAG] event=STALE_TICK log_ts=2026-02-09T19:01:13.152867 tick_ts=2026-02-09T18:43:33.731991 ticker=KXHIGHNY-26FEB09-B32.5 lag_s=1059.421 window_s=60.0 source=market_data_KXHIGHNY-26FEB09.csv row=19
--- Status @ 19:01:13.196 ---
Equity: $9.76
Cash: $9.76
Portfolio Value: $0.00
Daily Budget: $4.88
Exposure: $0.00
[DIAG] event=TICK_IN log_ts=2026-02-09T19:01:13.196600 tick_ts=2026-02-09T18:43:36.090380 ticker=KXHIGHNY-26FEB09-B28.5
[DIAG] event=STALE_TICK log_ts=2026-02-09T19:01:13.196661 tick_ts=2026-02-09T18:43:36.090380 ticker=KXHIGHNY-26FEB09-B28.5 lag_s=1057.106 window_s=60.0 source=market_data_KXHIGHNY-26FEB09.csv row=20
[DIAG] event=TICK_IN log_ts=2026-02-09T19:01:13.196698 tick_ts=2026-02-09T18:44:28.035957 ticker=KXHIGHNY-26FEB09-B30.5
[DIAG] event=STALE_TICK log_ts=2026-02-09T19:01:13.196719 tick_ts=2026-02-09T18:44:28.035957 ticker=KXHIGHNY-26FEB09-B30.5 lag_s=1005.161 window_s=60.0 source=market_data_KXHIGHNY-26FEB09.csv row=21
[DIAG] event=TICK_IN log_ts=2026-02-09T19:01:13.196746 tick_ts=2026-02-09T18:44:29.115013 ticker=KXHIGHNY-26FEB09-B30.5
[DIAG] event=STALE_TICK log_ts=2026-02-09T19:01:13.196764 tick_ts=2026-02-09T18:44:29.115013 ticker=KXHIGHNY-26FEB09-B30.5 lag_s=1004.082 window_s=60.0 source=market_data_KXHIGHNY-26FEB09.csv row=22
[DIAG] event=TICK_IN log_ts=2026-02-09T19:01:13.196797 tick_ts=2026-02-09T18:44:32.967102 ticker=KXHIGHNY-26FEB09-B30.5
[DIAG] event=STALE_TICK log_ts=2026-02-09T19:01:13.196815 tick_ts=2026-02-09T18:44:32.967102 ticker=KXHIGHNY-26FEB09-B30.5 lag_s=1000.23 window_s=60.0 source=market_data_KXHIGHNY-26FEB09.csv row=23
[DIAG] event=TICK_IN log_ts=2026-02-09T19:01:13.196840 tick_ts=2026-02-09T18:44:57.795672 ticker=KXHIGHNY-26FEB09-B28.5
[DIAG] event=STALE_TICK log_ts=2026-02-09T19:01:13.196888 tick_ts=2026-02-09T18:44:57.795672 ticker=KXHIGHNY-26FEB09-B28.5 lag_s=975.401 window_s=60.0 source=market_data_KXHIGHNY-26FEB09.csv row=24
[DIAG] event=TICK_IN log_ts=2026-02-09T19:01:13.196929 tick_ts=2026-02-09T18:45:00.853093 ticker=KXHIGHNY-26FEB09-T28
[DIAG] event=STALE_TICK log_ts=2026-02-09T19:01:13.196955 tick_ts=2026-02-09T18:45:00.853093 ticker=KXHIGHNY-26FEB09-T28 lag_s=972.344 window_s=60.0 source=market_data_KXHIGHNY-26FEB09.csv row=25
[DIAG] event=TICK_IN log_ts=2026-02-09T19:01:13.196982 tick_ts=2026-02-09T18:45:28.496903 ticker=KXHIGHNY-26FEB09-B30.5
[DIAG] event=STALE_TICK log_ts=2026-02-09T19:01:13.196999 tick_ts=2026-02-09T18:45:28.496903 ticker=KXHIGHNY-26FEB09-B30.5 lag_s=944.7 window_s=60.0 source=market_data_KXHIGHNY-26FEB09.csv row=26
[DIAG] event=TICK_IN log_ts=2026-02-09T19:01:13.197023 tick_ts=2026-02-09T18:45:29.032116 ticker=KXHIGHNY-26FEB09-B30.5
[DIAG] event=STALE_TICK log_ts=2026-02-09T19:01:13.197040 tick_ts=2026-02-09T18:45:29.032116 ticker=KXHIGHNY-26FEB09-B30.5 lag_s=944.165 window_s=60.0 source=market_data_KXHIGHNY-26FEB09.csv row=27
[DIAG] event=TICK_IN log_ts=2026-02-09T19:01:13.197063 tick_ts=2026-02-09T18:45:30.153366 ticker=KXHIGHNY-26FEB09-B30.5
[DIAG] event=STALE_TICK log_ts=2026-02-09T19:01:13.197080 tick_ts=2026-02-09T18:45:30.153366 ticker=KXHIGHNY-26FEB09-B30.5 lag_s=943.044 window_s=60.0 source=market_data_KXHIGHNY-26FEB09.csv row=28
[DIAG] event=TICK_IN log_ts=2026-02-09T19:01:13.197102 tick_ts=2026-02-09T18:46:30.032400 ticker=KXHIGHNY-26FEB09-B30.5
[DIAG] event=STALE_TICK log_ts=2026-02-09T19:01:13.197119 tick_ts=2026-02-09T18:46:30.032400 ticker=KXHIGHNY-26FEB09-B30.5 lag_s=883.165 window_s=60.0 source=market_data_KXHIGHNY-26FEB09.csv row=29
--- Status @ 19:01:13.235 ---
Equity: $9.76
Cash: $9.76
Portfolio Value: $0.00
Daily Budget: $4.88
Exposure: $0.00
[DIAG] event=TICK_IN log_ts=2026-02-09T19:01:13.236191 tick_ts=2026-02-09T18:46:31.122154 ticker=KXHIGHNY-26FEB09-B30.5
[DIAG] event=STALE_TICK log_ts=2026-02-09T19:01:13.236246 tick_ts=2026-02-09T18:46:31.122154 ticker=KXHIGHNY-26FEB09-B30.5 lag_s=882.114 window_s=60.0 source=market_data_KXHIGHNY-26FEB09.csv row=30
[DIAG] event=TICK_IN log_ts=2026-02-09T19:01:13.236281 tick_ts=2026-02-09T18:46:45.777824 ticker=KXHIGHNY-26FEB09-B34.5
[DIAG] event=STALE_TICK log_ts=2026-02-09T19:01:13.236302 tick_ts=2026-02-09T18:46:45.777824 ticker=KXHIGHNY-26FEB09-B34.5 lag_s=867.458 window_s=60.0 source=market_data_KXHIGHNY-26FEB09.csv row=31
[DIAG] event=TICK_IN log_ts=2026-02-09T19:01:13.236330 tick_ts=2026-02-09T18:46:56.266423 ticker=KXHIGHNY-26FEB09-B28.5
[DIAG] event=STALE_TICK log_ts=2026-02-09T19:01:13.236349 tick_ts=2026-02-09T18:46:56.266423 ticker=KXHIGHNY-26FEB09-B28.5 lag_s=856.97 window_s=60.0 source=market_data_KXHIGHNY-26FEB09.csv row=32
[DIAG] event=TICK_IN log_ts=2026-02-09T19:01:13.236374 tick_ts=2026-02-09T18:47:31.038860 ticker=KXHIGHNY-26FEB09-B30.5
[DIAG] event=STALE_TICK log_ts=2026-02-09T19:01:13.236393 tick_ts=2026-02-09T18:47:31.038860 ticker=KXHIGHNY-26FEB09-B30.5 lag_s=822.198 window_s=60.0 source=market_data_KXHIGHNY-26FEB09.csv row=33
[DIAG] event=TICK_IN log_ts=2026-02-09T19:01:13.236419 tick_ts=2026-02-09T18:47:32.116191 ticker=KXHIGHNY-26FEB09-B30.5
[DIAG] event=STALE_TICK log_ts=2026-02-09T19:01:13.236439 tick_ts=2026-02-09T18:47:32.116191 ticker=KXHIGHNY-26FEB09-B30.5 lag_s=821.12 window_s=60.0 source=market_data_KXHIGHNY-26FEB09.csv row=34
[DIAG] event=TICK_IN log_ts=2026-02-09T19:01:13.236495 tick_ts=2026-02-09T18:47:38.378480 ticker=KXHIGHNY-26FEB09-B28.5
[DIAG] event=STALE_TICK log_ts=2026-02-09T19:01:13.236539 tick_ts=2026-02-09T18:47:38.378480 ticker=KXHIGHNY-26FEB09-B28.5 lag_s=814.858 window_s=60.0 source=market_data_KXHIGHNY-26FEB09.csv row=35
[DIAG] event=TICK_IN log_ts=2026-02-09T19:01:13.236580 tick_ts=2026-02-09T18:48:00.696057 ticker=KXHIGHNY-26FEB09-B28.5
[DIAG] event=STALE_TICK log_ts=2026-02-09T19:01:13.236601 tick_ts=2026-02-09T18:48:00.696057 ticker=KXHIGHNY-26FEB09-B28.5 lag_s=792.541 window_s=60.0 source=market_data_KXHIGHNY-26FEB09.csv row=36
[DIAG] event=TICK_IN log_ts=2026-02-09T19:01:13.236626 tick_ts=2026-02-09T18:48:32.037516 ticker=KXHIGHNY-26FEB09-B30.5
[DIAG] event=STALE_TICK log_ts=2026-02-09T19:01:13.236643 tick_ts=2026-02-09T18:48:32.037516 ticker=KXHIGHNY-26FEB09-B30.5 lag_s=761.199 window_s=60.0 source=market_data_KXHIGHNY-26FEB09.csv row=37
[DIAG] event=TICK_IN log_ts=2026-02-09T19:01:13.236674 tick_ts=2026-02-09T18:48:33.095220 ticker=KXHIGHNY-26FEB09-B30.5
[DIAG] event=STALE_TICK log_ts=2026-02-09T19:01:13.236692 tick_ts=2026-02-09T18:48:33.095220 ticker=KXHIGHNY-26FEB09-B30.5 lag_s=760.141 window_s=60.0 source=market_data_KXHIGHNY-26FEB09.csv row=38
[DIAG] event=TICK_IN log_ts=2026-02-09T19:01:13.236716 tick_ts=2026-02-09T18:48:34.695666 ticker=KXHIGHNY-26FEB09-B30.5
[DIAG] event=STALE_TICK log_ts=2026-02-09T19:01:13.236733 tick_ts=2026-02-09T18:48:34.695666 ticker=KXHIGHNY-26FEB09-B30.5 lag_s=758.541 window_s=60.0 source=market_data_KXHIGHNY-26FEB09.csv row=39
--- Status @ 19:01:13.276 ---
Equity: $9.76
Cash: $9.76
Portfolio Value: $0.00
Daily Budget: $4.88
Exposure: $0.00
[DIAG] event=TICK_IN log_ts=2026-02-09T19:01:13.276899 tick_ts=2026-02-09T18:49:02.794692 ticker=KXHIGHNY-26FEB09-B28.5
[DIAG] event=STALE_TICK log_ts=2026-02-09T19:01:13.276953 tick_ts=2026-02-09T18:49:02.794692 ticker=KXHIGHNY-26FEB09-B28.5 lag_s=730.482 window_s=60.0 source=market_data_KXHIGHNY-26FEB09.csv row=40
[DIAG] event=TICK_IN log_ts=2026-02-09T19:01:13.276993 tick_ts=2026-02-09T18:49:02.822439 ticker=KXHIGHNY-26FEB09-B28.5
[DIAG] event=STALE_TICK log_ts=2026-02-09T19:01:13.277015 tick_ts=2026-02-09T18:49:02.822439 ticker=KXHIGHNY-26FEB09-B28.5 lag_s=730.455 window_s=60.0 source=market_data_KXHIGHNY-26FEB09.csv row=41
[DIAG] event=TICK_IN log_ts=2026-02-09T19:01:13.277042 tick_ts=2026-02-09T18:49:02.869056 ticker=KXHIGHNY-26FEB09-B28.5
[DIAG] event=STALE_TICK log_ts=2026-02-09T19:01:13.277061 tick_ts=2026-02-09T18:49:02.869056 ticker=KXHIGHNY-26FEB09-B28.5 lag_s=730.408 window_s=60.0 source=market_data_KXHIGHNY-26FEB09.csv row=42
[DIAG] event=TICK_IN log_ts=2026-02-09T19:01:13.277086 tick_ts=2026-02-09T18:49:06.370895 ticker=KXHIGHNY-26FEB09-T28
[DIAG] event=STALE_TICK log_ts=2026-02-09T19:01:13.277104 tick_ts=2026-02-09T18:49:06.370895 ticker=KXHIGHNY-26FEB09-T28 lag_s=726.906 window_s=60.0 source=market_data_KXHIGHNY-26FEB09.csv row=43
[DIAG] event=TICK_IN log_ts=2026-02-09T19:01:13.277129 tick_ts=2026-02-09T18:49:33.045321 ticker=KXHIGHNY-26FEB09-B30.5
[DIAG] event=STALE_TICK log_ts=2026-02-09T19:01:13.277146 tick_ts=2026-02-09T18:49:33.045321 ticker=KXHIGHNY-26FEB09-B30.5 lag_s=700.232 window_s=60.0 source=market_data_KXHIGHNY-26FEB09.csv row=44
[DIAG] event=TICK_IN log_ts=2026-02-09T19:01:13.277252 tick_ts=2026-02-09T18:49:34.096161 ticker=KXHIGHNY-26FEB09-B30.5
[DIAG] event=STALE_TICK log_ts=2026-02-09T19:01:13.277275 tick_ts=2026-02-09T18:49:34.096161 ticker=KXHIGHNY-26FEB09-B30.5 lag_s=699.181 window_s=60.0 source=market_data_KXHIGHNY-26FEB09.csv row=45
[DIAG] event=TICK_IN log_ts=2026-02-09T19:01:13.277337 tick_ts=2026-02-09T18:50:34.032438 ticker=KXHIGHNY-26FEB09-B30.5
[DIAG] event=STALE_TICK log_ts=2026-02-09T19:01:13.277368 tick_ts=2026-02-09T18:50:34.032438 ticker=KXHIGHNY-26FEB09-B30.5 lag_s=639.245 window_s=60.0 source=market_data_KXHIGHNY-26FEB09.csv row=46
[DIAG] event=TICK_IN log_ts=2026-02-09T19:01:13.277480 tick_ts=2026-02-09T18:50:35.136566 ticker=KXHIGHNY-26FEB09-B30.5
[DIAG] event=STALE_TICK log_ts=2026-02-09T19:01:13.277529 tick_ts=2026-02-09T18:50:35.136566 ticker=KXHIGHNY-26FEB09-B30.5 lag_s=638.141 window_s=60.0 source=market_data_KXHIGHNY-26FEB09.csv row=47
[DIAG] event=TICK_IN log_ts=2026-02-09T19:01:13.277572 tick_ts=2026-02-09T18:50:55.331364 ticker=KXHIGHNY-26FEB09-B30.5
[DIAG] event=STALE_TICK log_ts=2026-02-09T19:01:13.277590 tick_ts=2026-02-09T18:50:55.331364 ticker=KXHIGHNY-26FEB09-B30.5 lag_s=617.946 window_s=60.0 source=market_data_KXHIGHNY-26FEB09.csv row=48
[DIAG] event=TICK_IN log_ts=2026-02-09T19:01:13.277615 tick_ts=2026-02-09T18:51:04.152880 ticker=KXHIGHNY-26FEB09-B28.5
[DIAG] event=STALE_TICK log_ts=2026-02-09T19:01:13.277632 tick_ts=2026-02-09T18:51:04.152880 ticker=KXHIGHNY-26FEB09-B28.5 lag_s=609.125 window_s=60.0 source=market_data_KXHIGHNY-26FEB09.csv row=49
--- Status @ 19:01:13.318 ---
Equity: $9.76
Cash: $9.76
Portfolio Value: $0.00
Daily Budget: $4.88
Exposure: $0.00
[DIAG] event=TICK_IN log_ts=2026-02-09T19:01:13.318284 tick_ts=2026-02-09T18:51:10.059929 ticker=KXHIGHNY-26FEB09-T35
[DIAG] event=STALE_TICK log_ts=2026-02-09T19:01:13.318337 tick_ts=2026-02-09T18:51:10.059929 ticker=KXHIGHNY-26FEB09-T35 lag_s=603.258 window_s=60.0 source=market_data_KXHIGHNY-26FEB09.csv row=50
[DIAG] event=TICK_IN log_ts=2026-02-09T19:01:13.318371 tick_ts=2026-02-09T18:51:18.046253 ticker=KXHIGHNY-26FEB09-B28.5
[DIAG] event=STALE_TICK log_ts=2026-02-09T19:01:13.318391 tick_ts=2026-02-09T18:51:18.046253 ticker=KXHIGHNY-26FEB09-B28.5 lag_s=595.272 window_s=60.0 source=market_data_KXHIGHNY-26FEB09.csv row=51
[DIAG] event=TICK_IN log_ts=2026-02-09T19:01:13.318418 tick_ts=2026-02-09T18:51:22.589806 ticker=KXHIGHNY-26FEB09-T28
[DIAG] event=STALE_TICK log_ts=2026-02-09T19:01:13.318436 tick_ts=2026-02-09T18:51:22.589806 ticker=KXHIGHNY-26FEB09-T28 lag_s=590.729 window_s=60.0 source=market_data_KXHIGHNY-26FEB09.csv row=52
[DIAG] event=TICK_IN log_ts=2026-02-09T19:01:13.318461 tick_ts=2026-02-09T18:51:22.705615 ticker=KXHIGHNY-26FEB09-T28
[DIAG] event=STALE_TICK log_ts=2026-02-09T19:01:13.318478 tick_ts=2026-02-09T18:51:22.705615 ticker=KXHIGHNY-26FEB09-T28 lag_s=590.613 window_s=60.0 source=market_data_KXHIGHNY-26FEB09.csv row=53
[DIAG] event=TICK_IN log_ts=2026-02-09T19:01:13.318552 tick_ts=2026-02-09T18:51:22.805099 ticker=KXHIGHNY-26FEB09-T28
[DIAG] event=STALE_TICK log_ts=2026-02-09T19:01:13.318573 tick_ts=2026-02-09T18:51:22.805099 ticker=KXHIGHNY-26FEB09-T28 lag_s=590.513 window_s=60.0 source=market_data_KXHIGHNY-26FEB09.csv row=54
[DIAG] event=TICK_IN log_ts=2026-02-09T19:01:13.318597 tick_ts=2026-02-09T18:51:22.831525 ticker=KXHIGHNY-26FEB09-T28
[DIAG] event=STALE_TICK log_ts=2026-02-09T19:01:13.318614 tick_ts=2026-02-09T18:51:22.831525 ticker=KXHIGHNY-26FEB09-T28 lag_s=590.487 window_s=60.0 source=market_data_KXHIGHNY-26FEB09.csv row=55
[DIAG] event=TICK_IN log_ts=2026-02-09T19:01:13.318638 tick_ts=2026-02-09T18:51:35.033252 ticker=KXHIGHNY-26FEB09-B30.5
[DIAG] event=STALE_TICK log_ts=2026-02-09T19:01:13.318655 tick_ts=2026-02-09T18:51:35.033252 ticker=KXHIGHNY-26FEB09-B30.5 lag_s=578.285 window_s=60.0 source=market_data_KXHIGHNY-26FEB09.csv row=56
[DIAG] event=TICK_IN log_ts=2026-02-09T19:01:13.318678 tick_ts=2026-02-09T18:51:36.084282 ticker=KXHIGHNY-26FEB09-B30.5
[DIAG] event=STALE_TICK log_ts=2026-02-09T19:01:13.318694 tick_ts=2026-02-09T18:51:36.084282 ticker=KXHIGHNY-26FEB09-B30.5 lag_s=577.234 window_s=60.0 source=market_data_KXHIGHNY-26FEB09.csv row=57
[DIAG] event=TICK_IN log_ts=2026-02-09T19:01:13.318756 tick_ts=2026-02-09T18:52:04.764034 ticker=KXHIGHNY-26FEB09-T35
[DIAG] event=STALE_TICK log_ts=2026-02-09T19:01:13.318790 tick_ts=2026-02-09T18:52:04.764034 ticker=KXHIGHNY-26FEB09-T35 lag_s=548.555 window_s=60.0 source=market_data_KXHIGHNY-26FEB09.csv row=58
[DIAG] event=TICK_IN log_ts=2026-02-09T19:01:13.318827 tick_ts=2026-02-09T18:52:09.300577 ticker=KXHIGHNY-26FEB09-B30.5
[DIAG] event=STALE_TICK log_ts=2026-02-09T19:01:13.318856 tick_ts=2026-02-09T18:52:09.300577 ticker=KXHIGHNY-26FEB09-B30.5 lag_s=544.018 window_s=60.0 source=market_data_KXHIGHNY-26FEB09.csv row=59
--- Status @ 19:01:13.364 ---
Equity: $9.76
Cash: $9.76
Portfolio Value: $0.00
Daily Budget: $4.88
Exposure: $0.00
[DIAG] event=TICK_IN log_ts=2026-02-09T19:01:13.364881 tick_ts=2026-02-09T18:52:36.042550 ticker=KXHIGHNY-26FEB09-B30.5
[DIAG] event=STALE_TICK log_ts=2026-02-09T19:01:13.364938 tick_ts=2026-02-09T18:52:36.042550 ticker=KXHIGHNY-26FEB09-B30.5 lag_s=517.322 window_s=60.0 source=market_data_KXHIGHNY-26FEB09.csv row=60
[DIAG] event=TICK_IN log_ts=2026-02-09T19:01:13.364974 tick_ts=2026-02-09T18:52:37.088620 ticker=KXHIGHNY-26FEB09-B30.5
[DIAG] event=STALE_TICK log_ts=2026-02-09T19:01:13.364994 tick_ts=2026-02-09T18:52:37.088620 ticker=KXHIGHNY-26FEB09-B30.5 lag_s=516.276 window_s=60.0 source=market_data_KXHIGHNY-26FEB09.csv row=61
[DIAG] event=TICK_IN log_ts=2026-02-09T19:01:13.365022 tick_ts=2026-02-09T18:53:17.818814 ticker=KXHIGHNY-26FEB09-B28.5
[DIAG] event=STALE_TICK log_ts=2026-02-09T19:01:13.365040 tick_ts=2026-02-09T18:53:17.818814 ticker=KXHIGHNY-26FEB09-B28.5 lag_s=475.546 window_s=60.0 source=market_data_KXHIGHNY-26FEB09.csv row=62
[DIAG] event=TICK_IN log_ts=2026-02-09T19:01:13.365065 tick_ts=2026-02-09T18:53:18.471217 ticker=KXHIGHNY-26FEB09-B28.5
[DIAG] event=STALE_TICK log_ts=2026-02-09T19:01:13.365083 tick_ts=2026-02-09T18:53:18.471217 ticker=KXHIGHNY-26FEB09-B28.5 lag_s=474.894 window_s=60.0 source=market_data_KXHIGHNY-26FEB09.csv row=63
[DIAG] event=TICK_IN log_ts=2026-02-09T19:01:13.365106 tick_ts=2026-02-09T18:53:18.490909 ticker=KXHIGHNY-26FEB09-B28.5
[DIAG] event=STALE_TICK log_ts=2026-02-09T19:01:13.365149 tick_ts=2026-02-09T18:53:18.490909 ticker=KXHIGHNY-26FEB09-B28.5 lag_s=474.874 window_s=60.0 source=market_data_KXHIGHNY-26FEB09.csv row=64
[DIAG] event=TICK_IN log_ts=2026-02-09T19:01:13.365191 tick_ts=2026-02-09T18:53:22.704563 ticker=KXHIGHNY-26FEB09-T28
[DIAG] event=STALE_TICK log_ts=2026-02-09T19:01:13.365218 tick_ts=2026-02-09T18:53:22.704563 ticker=KXHIGHNY-26FEB09-T28 lag_s=470.661 window_s=60.0 source=market_data_KXHIGHNY-26FEB09.csv row=65
[DIAG] event=TICK_IN log_ts=2026-02-09T19:01:13.365244 tick_ts=2026-02-09T18:53:37.026137 ticker=KXHIGHNY-26FEB09-B30.5
[DIAG] event=STALE_TICK log_ts=2026-02-09T19:01:13.365261 tick_ts=2026-02-09T18:53:37.026137 ticker=KXHIGHNY-26FEB09-B30.5 lag_s=456.339 window_s=60.0 source=market_data_KXHIGHNY-26FEB09.csv row=66
[DIAG] event=TICK_IN log_ts=2026-02-09T19:01:13.365284 tick_ts=2026-02-09T18:53:38.124128 ticker=KXHIGHNY-26FEB09-B30.5
[DIAG] event=STALE_TICK log_ts=2026-02-09T19:01:13.365301 tick_ts=2026-02-09T18:53:38.124128 ticker=KXHIGHNY-26FEB09-B30.5 lag_s=455.241 window_s=60.0 source=market_data_KXHIGHNY-26FEB09.csv row=67
[DIAG] event=TICK_IN log_ts=2026-02-09T19:01:13.365324 tick_ts=2026-02-09T18:54:38.041143 ticker=KXHIGHNY-26FEB09-B30.5
[DIAG] event=STALE_TICK log_ts=2026-02-09T19:01:13.365340 tick_ts=2026-02-09T18:54:38.041143 ticker=KXHIGHNY-26FEB09-B30.5 lag_s=395.324 window_s=60.0 source=market_data_KXHIGHNY-26FEB09.csv row=68
[DIAG] event=TICK_IN log_ts=2026-02-09T19:01:13.365362 tick_ts=2026-02-09T18:54:39.165353 ticker=KXHIGHNY-26FEB09-B30.5
[DIAG] event=STALE_TICK log_ts=2026-02-09T19:01:13.365379 tick_ts=2026-02-09T18:54:39.165353 ticker=KXHIGHNY-26FEB09-B30.5 lag_s=394.2 window_s=60.0 source=market_data_KXHIGHNY-26FEB09.csv row=69
--- Status @ 19:01:13.455 ---
Equity: $9.76
Cash: $9.76
Portfolio Value: $0.00
Daily Budget: $4.88
Exposure: $0.00
[DIAG] event=TICK_IN log_ts=2026-02-09T19:01:13.456203 tick_ts=2026-02-09T18:54:59.135020 ticker=KXHIGHNY-26FEB09-B28.5
[DIAG] event=STALE_TICK log_ts=2026-02-09T19:01:13.456256 tick_ts=2026-02-09T18:54:59.135020 ticker=KXHIGHNY-26FEB09-B28.5 lag_s=374.321 window_s=60.0 source=market_data_KXHIGHNY-26FEB09.csv row=70
[DIAG] event=TICK_IN log_ts=2026-02-09T19:01:13.456298 tick_ts=2026-02-09T18:55:05.887919 ticker=KXHIGHNY-26FEB09-B28.5
[DIAG] event=STALE_TICK log_ts=2026-02-09T19:01:13.456320 tick_ts=2026-02-09T18:55:05.887919 ticker=KXHIGHNY-26FEB09-B28.5 lag_s=367.568 window_s=60.0 source=market_data_KXHIGHNY-26FEB09.csv row=71
[DIAG] event=TICK_IN log_ts=2026-02-09T19:01:13.456347 tick_ts=2026-02-09T18:55:08.251379 ticker=KXHIGHNY-26FEB09-T28
[DIAG] event=STALE_TICK log_ts=2026-02-09T19:01:13.456365 tick_ts=2026-02-09T18:55:08.251379 ticker=KXHIGHNY-26FEB09-T28 lag_s=365.205 window_s=60.0 source=market_data_KXHIGHNY-26FEB09.csv row=72
[DIAG] event=TICK_IN log_ts=2026-02-09T19:01:13.456405 tick_ts=2026-02-09T18:55:39.034671 ticker=KXHIGHNY-26FEB09-B30.5
[DIAG] event=STALE_TICK log_ts=2026-02-09T19:01:13.456434 tick_ts=2026-02-09T18:55:39.034671 ticker=KXHIGHNY-26FEB09-B30.5 lag_s=334.422 window_s=60.0 source=market_data_KXHIGHNY-26FEB09.csv row=73
[DIAG] event=TICK_IN log_ts=2026-02-09T19:01:13.456461 tick_ts=2026-02-09T18:55:40.128050 ticker=KXHIGHNY-26FEB09-B30.5
[DIAG] event=STALE_TICK log_ts=2026-02-09T19:01:13.456478 tick_ts=2026-02-09T18:55:40.128050 ticker=KXHIGHNY-26FEB09-B30.5 lag_s=333.328 window_s=60.0 source=market_data_KXHIGHNY-26FEB09.csv row=74
[DIAG] event=TICK_IN log_ts=2026-02-09T19:01:13.456646 tick_ts=2026-02-09T18:56:36.666514 ticker=KXHIGHNY-26FEB09-B28.5
[DIAG] event=STALE_TICK log_ts=2026-02-09T19:01:13.456686 tick_ts=2026-02-09T18:56:36.666514 ticker=KXHIGHNY-26FEB09-B28.5 lag_s=276.79 window_s=60.0 source=market_data_KXHIGHNY-26FEB09.csv row=75
[DIAG] event=TICK_IN log_ts=2026-02-09T19:01:13.456714 tick_ts=2026-02-09T18:56:39.641591 ticker=KXHIGHNY-26FEB09-T28
[DIAG] event=STALE_TICK log_ts=2026-02-09T19:01:13.456732 tick_ts=2026-02-09T18:56:39.641591 ticker=KXHIGHNY-26FEB09-T28 lag_s=273.815 window_s=60.0 source=market_data_KXHIGHNY-26FEB09.csv row=76
[DIAG] event=TICK_IN log_ts=2026-02-09T19:01:13.456756 tick_ts=2026-02-09T18:56:39.794265 ticker=KXHIGHNY-26FEB09-T28
[DIAG] event=STALE_TICK log_ts=2026-02-09T19:01:13.456773 tick_ts=2026-02-09T18:56:39.794265 ticker=KXHIGHNY-26FEB09-T28 lag_s=273.663 window_s=60.0 source=market_data_KXHIGHNY-26FEB09.csv row=77
[DIAG] event=TICK_IN log_ts=2026-02-09T19:01:13.456806 tick_ts=2026-02-09T18:56:40.030218 ticker=KXHIGHNY-26FEB09-B30.5
[DIAG] event=STALE_TICK log_ts=2026-02-09T19:01:13.456824 tick_ts=2026-02-09T18:56:40.030218 ticker=KXHIGHNY-26FEB09-B30.5 lag_s=273.427 window_s=60.0 source=market_data_KXHIGHNY-26FEB09.csv row=78
[DIAG] event=TICK_IN log_ts=2026-02-09T19:01:13.456847 tick_ts=2026-02-09T18:56:40.645750 ticker=KXHIGHNY-26FEB09-T35
[DIAG] event=STALE_TICK log_ts=2026-02-09T19:01:13.456864 tick_ts=2026-02-09T18:56:40.645750 ticker=KXHIGHNY-26FEB09-T35 lag_s=272.811 window_s=60.0 source=market_data_KXHIGHNY-26FEB09.csv row=79
--- Status @ 19:01:13.498 ---
Equity: $9.76
Cash: $9.76
Portfolio Value: $0.00
Daily Budget: $4.88
Exposure: $0.00
[DIAG] event=TICK_IN log_ts=2026-02-09T19:01:13.499072 tick_ts=2026-02-09T18:56:41.100398 ticker=KXHIGHNY-26FEB09-B30.5
[DIAG] event=STALE_TICK log_ts=2026-02-09T19:01:13.499132 tick_ts=2026-02-09T18:56:41.100398 ticker=KXHIGHNY-26FEB09-B30.5 lag_s=272.399 window_s=60.0 source=market_data_KXHIGHNY-26FEB09.csv row=80
[DIAG] event=TICK_IN log_ts=2026-02-09T19:01:13.499167 tick_ts=2026-02-09T18:57:06.363927 ticker=KXHIGHNY-26FEB09-B34.5
[DIAG] event=STALE_TICK log_ts=2026-02-09T19:01:13.499188 tick_ts=2026-02-09T18:57:06.363927 ticker=KXHIGHNY-26FEB09-B34.5 lag_s=247.135 window_s=60.0 source=market_data_KXHIGHNY-26FEB09.csv row=81
[DIAG] event=TICK_IN log_ts=2026-02-09T19:01:13.499215 tick_ts=2026-02-09T18:57:26.545822 ticker=KXHIGHNY-26FEB09-B32.5
[DIAG] event=STALE_TICK log_ts=2026-02-09T19:01:13.499233 tick_ts=2026-02-09T18:57:26.545822 ticker=KXHIGHNY-26FEB09-B32.5 lag_s=226.953 window_s=60.0 source=market_data_KXHIGHNY-26FEB09.csv row=82
[DIAG] event=TICK_IN log_ts=2026-02-09T19:01:13.499258 tick_ts=2026-02-09T18:57:41.031272 ticker=KXHIGHNY-26FEB09-B30.5
[DIAG] event=STALE_TICK log_ts=2026-02-09T19:01:13.499276 tick_ts=2026-02-09T18:57:41.031272 ticker=KXHIGHNY-26FEB09-B30.5 lag_s=212.468 window_s=60.0 source=market_data_KXHIGHNY-26FEB09.csv row=83
[DIAG] event=TICK_IN log_ts=2026-02-09T19:01:13.499300 tick_ts=2026-02-09T18:57:42.134562 ticker=KXHIGHNY-26FEB09-B30.5
[DIAG] event=STALE_TICK log_ts=2026-02-09T19:01:13.499316 tick_ts=2026-02-09T18:57:42.134562 ticker=KXHIGHNY-26FEB09-B30.5 lag_s=211.365 window_s=60.0 source=market_data_KXHIGHNY-26FEB09.csv row=84
[DIAG] event=TICK_IN log_ts=2026-02-09T19:01:13.499340 tick_ts=2026-02-09T18:57:59.412965 ticker=KXHIGHNY-26FEB09-B28.5
[DIAG] event=STALE_TICK log_ts=2026-02-09T19:01:13.499370 tick_ts=2026-02-09T18:57:59.412965 ticker=KXHIGHNY-26FEB09-B28.5 lag_s=194.086 window_s=60.0 source=market_data_KXHIGHNY-26FEB09.csv row=85
[DIAG] event=TICK_IN log_ts=2026-02-09T19:01:13.499393 tick_ts=2026-02-09T18:58:02.429320 ticker=KXHIGHNY-26FEB09-T28
[DIAG] event=STALE_TICK log_ts=2026-02-09T19:01:13.499605 tick_ts=2026-02-09T18:58:02.429320 ticker=KXHIGHNY-26FEB09-T28 lag_s=191.07 window_s=60.0 source=market_data_KXHIGHNY-26FEB09.csv row=86
[DIAG] event=TICK_IN log_ts=2026-02-09T19:01:13.499655 tick_ts=2026-02-09T18:58:03.489070 ticker=KXHIGHNY-26FEB09-T35
[DIAG] event=STALE_TICK log_ts=2026-02-09T19:01:13.499676 tick_ts=2026-02-09T18:58:03.489070 ticker=KXHIGHNY-26FEB09-T35 lag_s=190.011 window_s=60.0 source=market_data_KXHIGHNY-26FEB09.csv row=87
[DIAG] event=TICK_IN log_ts=2026-02-09T19:01:13.499701 tick_ts=2026-02-09T18:58:25.240079 ticker=KXHIGHNY-26FEB09-B28.5
[DIAG] event=STALE_TICK log_ts=2026-02-09T19:01:13.499718 tick_ts=2026-02-09T18:58:25.240079 ticker=KXHIGHNY-26FEB09-B28.5 lag_s=168.26 window_s=60.0 source=market_data_KXHIGHNY-26FEB09.csv row=88
[DIAG] event=TICK_IN log_ts=2026-02-09T19:01:13.499742 tick_ts=2026-02-09T18:58:42.046198 ticker=KXHIGHNY-26FEB09-B30.5
[DIAG] event=STALE_TICK log_ts=2026-02-09T19:01:13.499758 tick_ts=2026-02-09T18:58:42.046198 ticker=KXHIGHNY-26FEB09-B30.5 lag_s=151.454 window_s=60.0 source=market_data_KXHIGHNY-26FEB09.csv row=89
--- Status @ 19:01:13.539 ---
Equity: $9.76
Cash: $9.76
Portfolio Value: $0.00
Daily Budget: $4.88
Exposure: $0.00
[DIAG] event=TICK_IN log_ts=2026-02-09T19:01:13.539635 tick_ts=2026-02-09T18:58:43.105152 ticker=KXHIGHNY-26FEB09-B30.5
[DIAG] event=STALE_TICK log_ts=2026-02-09T19:01:13.539716 tick_ts=2026-02-09T18:58:43.105152 ticker=KXHIGHNY-26FEB09-B30.5 lag_s=150.435 window_s=60.0 source=market_data_KXHIGHNY-26FEB09.csv row=90
[DIAG] event=TICK_IN log_ts=2026-02-09T19:01:13.539754 tick_ts=2026-02-09T18:59:25.775697 ticker=KXHIGHNY-26FEB09-B28.5
[DIAG] event=STALE_TICK log_ts=2026-02-09T19:01:13.539777 tick_ts=2026-02-09T18:59:25.775697 ticker=KXHIGHNY-26FEB09-B28.5 lag_s=107.764 window_s=60.0 source=market_data_KXHIGHNY-26FEB09.csv row=91
[DIAG] event=TICK_IN log_ts=2026-02-09T19:01:13.539805 tick_ts=2026-02-09T18:59:28.943069 ticker=KXHIGHNY-26FEB09-T28
[DIAG] event=STALE_TICK log_ts=2026-02-09T19:01:13.539864 tick_ts=2026-02-09T18:59:28.943069 ticker=KXHIGHNY-26FEB09-T28 lag_s=104.597 window_s=60.0 source=market_data_KXHIGHNY-26FEB09.csv row=92
[DIAG] event=TICK_IN log_ts=2026-02-09T19:01:13.539910 tick_ts=2026-02-09T18:59:30.004376 ticker=KXHIGHNY-26FEB09-T35
[DIAG] event=STALE_TICK log_ts=2026-02-09T19:01:13.539934 tick_ts=2026-02-09T18:59:30.004376 ticker=KXHIGHNY-26FEB09-T35 lag_s=103.536 window_s=60.0 source=market_data_KXHIGHNY-26FEB09.csv row=93
[DIAG] event=TICK_IN log_ts=2026-02-09T19:01:13.539960 tick_ts=2026-02-09T18:59:43.035973 ticker=KXHIGHNY-26FEB09-B30.5
[DIAG] event=STALE_TICK log_ts=2026-02-09T19:01:13.539981 tick_ts=2026-02-09T18:59:43.035973 ticker=KXHIGHNY-26FEB09-B30.5 lag_s=90.504 window_s=60.0 source=market_data_KXHIGHNY-26FEB09.csv row=94
[DIAG] event=TICK_IN log_ts=2026-02-09T19:01:13.540007 tick_ts=2026-02-09T18:59:44.126374 ticker=KXHIGHNY-26FEB09-B30.5
[DIAG] event=STALE_TICK log_ts=2026-02-09T19:01:13.540024 tick_ts=2026-02-09T18:59:44.126374 ticker=KXHIGHNY-26FEB09-B30.5 lag_s=89.414 window_s=60.0 source=market_data_KXHIGHNY-26FEB09.csv row=95
[DIAG] event=TICK_IN log_ts=2026-02-09T19:01:13.540049 tick_ts=2026-02-09T19:00:07.641670 ticker=KXHIGHNY-26FEB09-B32.5
[DIAG] event=STALE_TICK log_ts=2026-02-09T19:01:13.540066 tick_ts=2026-02-09T19:00:07.641670 ticker=KXHIGHNY-26FEB09-B32.5 lag_s=65.898 window_s=60.0 source=market_data_KXHIGHNY-26FEB09.csv row=96
[DIAG] event=TICK_IN log_ts=2026-02-09T19:01:13.540090 tick_ts=2026-02-09T19:00:44.033958 ticker=KXHIGHNY-26FEB09-B30.5
[DIAG] event=METRIC log_ts=2026-02-09T19:01:13.572637 tick_ts=2026-02-09T19:00:44.033958 ticker=KXHIGHNY-26FEB09-B30.5 cash=9.76 pos_yes=0 pos_no=0 pending_yes=0 pending_no=0 net_inv=0 actions_last_60s=0 open_orders=0 buy_orders=0 sell_orders=0 recent_open_reject=False
[DIAG] event=DECISION log_ts=2026-02-09T19:01:13.572737 tick_ts=2026-02-09T19:00:44.033958 ticker=KXHIGHNY-26FEB09-B30.5 desired=keep
[DIAG] event=TICK_IN log_ts=2026-02-09T19:01:13.572920 tick_ts=2026-02-09T19:00:45.135397 ticker=KXHIGHNY-26FEB09-B30.5
[DIAG] event=DECISION log_ts=2026-02-09T19:01:13.573005 tick_ts=2026-02-09T19:00:45.135397 ticker=KXHIGHNY-26FEB09-B30.5 desired=keep
[DIAG] event=TICK_IN log_ts=2026-02-09T19:01:13.573075 tick_ts=2026-02-09T19:00:46.010799 ticker=KXHIGHNY-26FEB09-B32.5
[DIAG] event=METRIC log_ts=2026-02-09T19:01:13.573127 tick_ts=2026-02-09T19:00:46.010799 ticker=KXHIGHNY-26FEB09-B32.5 cash=9.76 pos_yes=0 pos_no=0 pending_yes=0 pending_no=0 net_inv=0 actions_last_60s=0 open_orders=0 buy_orders=0 sell_orders=0 recent_open_reject=False
[DIAG] event=DECISION log_ts=2026-02-09T19:01:13.573147 tick_ts=2026-02-09T19:00:46.010799 ticker=KXHIGHNY-26FEB09-B32.5 desired=keep
--- Status @ 19:01:13.629 ---
Equity: $9.76
Cash: $9.76
Portfolio Value: $0.00
Daily Budget: $4.88
Exposure: $0.00
[DIAG] event=TICK_IN log_ts=2026-02-09T19:01:13.630112 tick_ts=2026-02-09T19:00:46.011014 ticker=KXHIGHNY-26FEB09-B32.5
[DIAG] event=DECISION log_ts=2026-02-09T19:01:13.630266 tick_ts=2026-02-09T19:00:46.011014 ticker=KXHIGHNY-26FEB09-B32.5 desired=keep
[DIAG] event=TICK_IN log_ts=2026-02-09T19:01:13.630369 tick_ts=2026-02-09T19:00:55.020340 ticker=KXHIGHNY-26FEB09-B28.5
[DIAG] event=METRIC log_ts=2026-02-09T19:01:13.630433 tick_ts=2026-02-09T19:00:55.020340 ticker=KXHIGHNY-26FEB09-B28.5 cash=9.76 pos_yes=0 pos_no=0 pending_yes=0 pending_no=0 net_inv=0 actions_last_60s=0 open_orders=0 buy_orders=0 sell_orders=0 recent_open_reject=False
[DIAG] event=DECISION log_ts=2026-02-09T19:01:13.630513 tick_ts=2026-02-09T19:00:55.020340 ticker=KXHIGHNY-26FEB09-B28.5 desired=keep
[DIAG] event=TICK_IN log_ts=2026-02-09T19:01:13.630839 tick_ts=2026-02-09T19:00:40.937095 ticker=KXHIGHNY-26FEB10-T32
[DIAG] event=METRIC log_ts=2026-02-09T19:01:13.630956 tick_ts=2026-02-09T19:00:40.937095 ticker=KXHIGHNY-26FEB10-T32 cash=9.76 pos_yes=0 pos_no=0 pending_yes=0 pending_no=0 net_inv=0 actions_last_60s=0 open_orders=0 buy_orders=0 sell_orders=0 recent_open_reject=False
[DIAG] event=DECISION log_ts=2026-02-09T19:01:13.630980 tick_ts=2026-02-09T19:00:40.937095 ticker=KXHIGHNY-26FEB10-T32 desired=keep
[DIAG] event=TICK_IN log_ts=2026-02-09T19:01:13.631052 tick_ts=2026-02-09T19:00:40.950232 ticker=KXHIGHNY-26FEB10-T32
[DIAG] event=DECISION log_ts=2026-02-09T19:01:13.631099 tick_ts=2026-02-09T19:00:40.950232 ticker=KXHIGHNY-26FEB10-T32 desired=keep
[DIAG] event=TICK_IN log_ts=2026-02-09T19:01:13.631160 tick_ts=2026-02-09T19:00:40.973943 ticker=KXHIGHNY-26FEB10-T32
[DIAG] event=DECISION log_ts=2026-02-09T19:01:13.631210 tick_ts=2026-02-09T19:00:40.973943 ticker=KXHIGHNY-26FEB10-T32 desired=keep
[DIAG] event=TICK_IN log_ts=2026-02-09T19:01:13.631353 tick_ts=2026-02-09T19:00:40.987937 ticker=KXHIGHNY-26FEB10-T32
[DIAG] event=DECISION log_ts=2026-02-09T19:01:13.631404 tick_ts=2026-02-09T19:00:40.987937 ticker=KXHIGHNY-26FEB10-T32 desired=keep
[DIAG] event=TICK_IN log_ts=2026-02-09T19:01:13.631549 tick_ts=2026-02-09T19:00:40.988089 ticker=KXHIGHNY-26FEB10-T32
[DIAG] event=DECISION log_ts=2026-02-09T19:01:13.631618 tick_ts=2026-02-09T19:00:40.988089 ticker=KXHIGHNY-26FEB10-T32 desired=keep
[DIAG] event=TICK_IN log_ts=2026-02-09T19:01:13.631678 tick_ts=2026-02-09T19:00:41.107042 ticker=KXHIGHNY-26FEB10-T32
[DIAG] event=DECISION log_ts=2026-02-09T19:01:13.631722 tick_ts=2026-02-09T19:00:41.107042 ticker=KXHIGHNY-26FEB10-T32 desired=keep
[DIAG] event=TICK_IN log_ts=2026-02-09T19:01:13.631778 tick_ts=2026-02-09T19:00:41.232730 ticker=KXHIGHNY-26FEB10-T32
[DIAG] event=DECISION log_ts=2026-02-09T19:01:13.631817 tick_ts=2026-02-09T19:00:41.232730 ticker=KXHIGHNY-26FEB10-T32 desired=keep
[DIAG] event=TICK_IN log_ts=2026-02-09T19:01:13.631875 tick_ts=2026-02-09T19:00:41.247268 ticker=KXHIGHNY-26FEB10-T32
[DIAG] event=DECISION log_ts=2026-02-09T19:01:13.631927 tick_ts=2026-02-09T19:00:41.247268 ticker=KXHIGHNY-26FEB10-T32 desired=keep
--- Status @ 19:01:13.687 ---
Equity: $9.76
Cash: $9.76
Portfolio Value: $0.00
Daily Budget: $4.88
Exposure: $0.00
[DIAG] event=TICK_IN log_ts=2026-02-09T19:01:13.687693 tick_ts=2026-02-09T19:00:41.267129 ticker=KXHIGHNY-26FEB10-T32
[DIAG] event=DECISION log_ts=2026-02-09T19:01:13.687848 tick_ts=2026-02-09T19:00:41.267129 ticker=KXHIGHNY-26FEB10-T32 desired=keep
[DIAG] event=TICK_IN log_ts=2026-02-09T19:01:13.687982 tick_ts=2026-02-09T19:00:41.275950 ticker=KXHIGHNY-26FEB10-T32
[DIAG] event=DECISION log_ts=2026-02-09T19:01:13.688063 tick_ts=2026-02-09T19:00:41.275950 ticker=KXHIGHNY-26FEB10-T32 desired=keep
[DIAG] event=TICK_IN log_ts=2026-02-09T19:01:13.688139 tick_ts=2026-02-09T19:00:41.276099 ticker=KXHIGHNY-26FEB10-T32
[DIAG] event=DECISION log_ts=2026-02-09T19:01:13.688182 tick_ts=2026-02-09T19:00:41.276099 ticker=KXHIGHNY-26FEB10-T32 desired=keep
[DIAG] event=TICK_IN log_ts=2026-02-09T19:01:13.688240 tick_ts=2026-02-09T19:00:41.378123 ticker=KXHIGHNY-26FEB10-T32
[DIAG] event=DECISION log_ts=2026-02-09T19:01:13.688280 tick_ts=2026-02-09T19:00:41.378123 ticker=KXHIGHNY-26FEB10-T32 desired=keep
[DIAG] event=TICK_IN log_ts=2026-02-09T19:01:13.688334 tick_ts=2026-02-09T19:00:41.478376 ticker=KXHIGHNY-26FEB10-T32
[DIAG] event=DECISION log_ts=2026-02-09T19:01:13.688373 tick_ts=2026-02-09T19:00:41.478376 ticker=KXHIGHNY-26FEB10-T32 desired=keep
[DIAG] event=TICK_IN log_ts=2026-02-09T19:01:13.688426 tick_ts=2026-02-09T19:00:41.511899 ticker=KXHIGHNY-26FEB10-T32
[DIAG] event=DECISION log_ts=2026-02-09T19:01:13.688463 tick_ts=2026-02-09T19:00:41.511899 ticker=KXHIGHNY-26FEB10-T32 desired=keep
[DIAG] event=TICK_IN log_ts=2026-02-09T19:01:13.688516 tick_ts=2026-02-09T19:00:41.537941 ticker=KXHIGHNY-26FEB10-T32
[DIAG] event=DECISION log_ts=2026-02-09T19:01:13.688553 tick_ts=2026-02-09T19:00:41.537941 ticker=KXHIGHNY-26FEB10-T32 desired=keep
[DIAG] event=TICK_IN log_ts=2026-02-09T19:01:13.688614 tick_ts=2026-02-09T19:00:41.553666 ticker=KXHIGHNY-26FEB10-T32
[DIAG] event=DECISION log_ts=2026-02-09T19:01:13.688653 tick_ts=2026-02-09T19:00:41.553666 ticker=KXHIGHNY-26FEB10-T32 desired=keep
[DIAG] event=TICK_IN log_ts=2026-02-09T19:01:13.688705 tick_ts=2026-02-09T19:00:41.553838 ticker=KXHIGHNY-26FEB10-T32
[DIAG] event=DECISION log_ts=2026-02-09T19:01:13.688741 tick_ts=2026-02-09T19:00:41.553838 ticker=KXHIGHNY-26FEB10-T32 desired=keep
[DIAG] event=TICK_IN log_ts=2026-02-09T19:01:13.688792 tick_ts=2026-02-09T19:00:41.630328 ticker=KXHIGHNY-26FEB10-T32
[DIAG] event=DECISION log_ts=2026-02-09T19:01:13.688828 tick_ts=2026-02-09T19:00:41.630328 ticker=KXHIGHNY-26FEB10-T32 desired=keep
--- Status @ 19:01:13.770 ---
Equity: $9.76
Cash: $9.76
Portfolio Value: $0.00
Daily Budget: $4.88
Exposure: $0.00
[DIAG] event=TICK_IN log_ts=2026-02-09T19:01:13.770528 tick_ts=2026-02-09T19:00:41.673950 ticker=KXHIGHNY-26FEB10-T32
[DIAG] event=DECISION log_ts=2026-02-09T19:01:13.770721 tick_ts=2026-02-09T19:00:41.673950 ticker=KXHIGHNY-26FEB10-T32 desired=keep
[DIAG] event=TICK_IN log_ts=2026-02-09T19:01:13.770865 tick_ts=2026-02-09T19:00:41.689180 ticker=KXHIGHNY-26FEB10-T32
[DIAG] event=DECISION log_ts=2026-02-09T19:01:13.770931 tick_ts=2026-02-09T19:00:41.689180 ticker=KXHIGHNY-26FEB10-T32 desired=keep
[DIAG] event=TICK_IN log_ts=2026-02-09T19:01:13.770994 tick_ts=2026-02-09T19:00:41.785925 ticker=KXHIGHNY-26FEB10-T32
[DIAG] event=DECISION log_ts=2026-02-09T19:01:13.771037 tick_ts=2026-02-09T19:00:41.785925 ticker=KXHIGHNY-26FEB10-T32 desired=keep
[DIAG] event=TICK_IN log_ts=2026-02-09T19:01:13.771094 tick_ts=2026-02-09T19:00:41.812729 ticker=KXHIGHNY-26FEB10-T32
[DIAG] event=DECISION log_ts=2026-02-09T19:01:13.771137 tick_ts=2026-02-09T19:00:41.812729 ticker=KXHIGHNY-26FEB10-T32 desired=keep
[DIAG] event=TICK_IN log_ts=2026-02-09T19:01:13.771193 tick_ts=2026-02-09T19:00:41.826068 ticker=KXHIGHNY-26FEB10-T32
[DIAG] event=DECISION log_ts=2026-02-09T19:01:13.771232 tick_ts=2026-02-09T19:00:41.826068 ticker=KXHIGHNY-26FEB10-T32 desired=keep
[DIAG] event=TICK_IN log_ts=2026-02-09T19:01:13.771295 tick_ts=2026-02-09T19:00:41.843517 ticker=KXHIGHNY-26FEB10-T32
[DIAG] event=DECISION log_ts=2026-02-09T19:01:13.771335 tick_ts=2026-02-09T19:00:41.843517 ticker=KXHIGHNY-26FEB10-T32 desired=keep
[DIAG] event=TICK_IN log_ts=2026-02-09T19:01:13.771388 tick_ts=2026-02-09T19:00:41.843724 ticker=KXHIGHNY-26FEB10-T32
[DIAG] event=DECISION log_ts=2026-02-09T19:01:13.771473 tick_ts=2026-02-09T19:00:41.843724 ticker=KXHIGHNY-26FEB10-T32 desired=keep
[DIAG] event=TICK_IN log_ts=2026-02-09T19:01:13.771558 tick_ts=2026-02-09T19:00:41.939606 ticker=KXHIGHNY-26FEB10-T32
[DIAG] event=DECISION log_ts=2026-02-09T19:01:13.771616 tick_ts=2026-02-09T19:00:41.939606 ticker=KXHIGHNY-26FEB10-T32 desired=keep
[DIAG] event=TICK_IN log_ts=2026-02-09T19:01:13.771689 tick_ts=2026-02-09T19:00:42.038726 ticker=KXHIGHNY-26FEB10-T32
[DIAG] event=DECISION log_ts=2026-02-09T19:01:13.771730 tick_ts=2026-02-09T19:00:42.038726 ticker=KXHIGHNY-26FEB10-T32 desired=keep
[DIAG] event=TICK_IN log_ts=2026-02-09T19:01:13.771783 tick_ts=2026-02-09T19:00:42.049356 ticker=KXHIGHNY-26FEB10-T32
[DIAG] event=DECISION log_ts=2026-02-09T19:01:13.771820 tick_ts=2026-02-09T19:00:42.049356 ticker=KXHIGHNY-26FEB10-T32 desired=keep
--- Status @ 19:01:13.817 ---
Equity: $9.76
Cash: $9.76
Portfolio Value: $0.00
Daily Budget: $4.88
Exposure: $0.00
[DIAG] event=TICK_IN log_ts=2026-02-09T19:01:13.817557 tick_ts=2026-02-09T19:00:42.076083 ticker=KXHIGHNY-26FEB10-T32
[DIAG] event=DECISION log_ts=2026-02-09T19:01:13.817713 tick_ts=2026-02-09T19:00:42.076083 ticker=KXHIGHNY-26FEB10-T32 desired=keep
[DIAG] event=TICK_IN log_ts=2026-02-09T19:01:13.817832 tick_ts=2026-02-09T19:00:42.090682 ticker=KXHIGHNY-26FEB10-T32
[DIAG] event=DECISION log_ts=2026-02-09T19:01:13.817934 tick_ts=2026-02-09T19:00:42.090682 ticker=KXHIGHNY-26FEB10-T32 desired=keep
[DIAG] event=TICK_IN log_ts=2026-02-09T19:01:13.818033 tick_ts=2026-02-09T19:00:42.090961 ticker=KXHIGHNY-26FEB10-T32
[DIAG] event=DECISION log_ts=2026-02-09T19:01:13.818082 tick_ts=2026-02-09T19:00:42.090961 ticker=KXHIGHNY-26FEB10-T32 desired=keep
[DIAG] event=TICK_IN log_ts=2026-02-09T19:01:13.818141 tick_ts=2026-02-09T19:00:42.165981 ticker=KXHIGHNY-26FEB10-T32
[DIAG] event=DECISION log_ts=2026-02-09T19:01:13.818180 tick_ts=2026-02-09T19:00:42.165981 ticker=KXHIGHNY-26FEB10-T32 desired=keep
[DIAG] event=TICK_IN log_ts=2026-02-09T19:01:13.818234 tick_ts=2026-02-09T19:00:42.275861 ticker=KXHIGHNY-26FEB10-T32
[DIAG] event=DECISION log_ts=2026-02-09T19:01:13.818273 tick_ts=2026-02-09T19:00:42.275861 ticker=KXHIGHNY-26FEB10-T32 desired=keep
[DIAG] event=TICK_IN log_ts=2026-02-09T19:01:13.818455 tick_ts=2026-02-09T19:00:42.288362 ticker=KXHIGHNY-26FEB10-T32
[DIAG] event=DECISION log_ts=2026-02-09T19:01:13.818511 tick_ts=2026-02-09T19:00:42.288362 ticker=KXHIGHNY-26FEB10-T32 desired=keep
[DIAG] event=TICK_IN log_ts=2026-02-09T19:01:13.818571 tick_ts=2026-02-09T19:00:42.314360 ticker=KXHIGHNY-26FEB10-T32
[DIAG] event=DECISION log_ts=2026-02-09T19:01:13.818610 tick_ts=2026-02-09T19:00:42.314360 ticker=KXHIGHNY-26FEB10-T32 desired=keep
[DIAG] event=TICK_IN log_ts=2026-02-09T19:01:13.818663 tick_ts=2026-02-09T19:00:42.326360 ticker=KXHIGHNY-26FEB10-T32
[DIAG] event=DECISION log_ts=2026-02-09T19:01:13.818699 tick_ts=2026-02-09T19:00:42.326360 ticker=KXHIGHNY-26FEB10-T32 desired=keep
[DIAG] event=TICK_IN log_ts=2026-02-09T19:01:13.818751 tick_ts=2026-02-09T19:00:42.326502 ticker=KXHIGHNY-26FEB10-T32
[DIAG] event=DECISION log_ts=2026-02-09T19:01:13.818787 tick_ts=2026-02-09T19:00:42.326502 ticker=KXHIGHNY-26FEB10-T32 desired=keep
[DIAG] event=TICK_IN log_ts=2026-02-09T19:01:13.818846 tick_ts=2026-02-09T19:00:42.426436 ticker=KXHIGHNY-26FEB10-T32
[DIAG] event=DECISION log_ts=2026-02-09T19:01:13.818883 tick_ts=2026-02-09T19:00:42.426436 ticker=KXHIGHNY-26FEB10-T32 desired=keep
--- Status @ 19:01:13.906 ---
Equity: $9.76
Cash: $9.76
Portfolio Value: $0.00
Daily Budget: $4.88
Exposure: $0.00
[DIAG] event=TICK_IN log_ts=2026-02-09T19:01:13.906551 tick_ts=2026-02-09T19:00:42.538698 ticker=KXHIGHNY-26FEB10-T32
[DIAG] event=DECISION log_ts=2026-02-09T19:01:13.906713 tick_ts=2026-02-09T19:00:42.538698 ticker=KXHIGHNY-26FEB10-T32 desired=keep
[DIAG] event=TICK_IN log_ts=2026-02-09T19:01:13.906826 tick_ts=2026-02-09T19:00:42.551598 ticker=KXHIGHNY-26FEB10-T32
[DIAG] event=DECISION log_ts=2026-02-09T19:01:13.906880 tick_ts=2026-02-09T19:00:42.551598 ticker=KXHIGHNY-26FEB10-T32 desired=keep
[DIAG] event=TICK_IN log_ts=2026-02-09T19:01:13.907028 tick_ts=2026-02-09T19:00:42.566136 ticker=KXHIGHNY-26FEB10-T32
[DIAG] event=DECISION log_ts=2026-02-09T19:01:13.907093 tick_ts=2026-02-09T19:00:42.566136 ticker=KXHIGHNY-26FEB10-T32 desired=keep
[DIAG] event=TICK_IN log_ts=2026-02-09T19:01:13.907165 tick_ts=2026-02-09T19:00:42.583495 ticker=KXHIGHNY-26FEB10-T32
[DIAG] event=DECISION log_ts=2026-02-09T19:01:13.907211 tick_ts=2026-02-09T19:00:42.583495 ticker=KXHIGHNY-26FEB10-T32 desired=keep
[DIAG] event=TICK_IN log_ts=2026-02-09T19:01:13.907276 tick_ts=2026-02-09T19:00:42.583641 ticker=KXHIGHNY-26FEB10-T32
[DIAG] event=DECISION log_ts=2026-02-09T19:01:13.907329 tick_ts=2026-02-09T19:00:42.583641 ticker=KXHIGHNY-26FEB10-T32 desired=keep
[DIAG] event=TICK_IN log_ts=2026-02-09T19:01:13.907393 tick_ts=2026-02-09T19:00:42.668219 ticker=KXHIGHNY-26FEB10-B36.5
[DIAG] event=METRIC log_ts=2026-02-09T19:01:13.907530 tick_ts=2026-02-09T19:00:42.668219 ticker=KXHIGHNY-26FEB10-B36.5 cash=9.76 pos_yes=0 pos_no=0 pending_yes=0 pending_no=0 net_inv=0 actions_last_60s=0 open_orders=0 buy_orders=0 sell_orders=0 recent_open_reject=False
[DIAG] event=DECISION log_ts=2026-02-09T19:01:13.907565 tick_ts=2026-02-09T19:00:42.668219 ticker=KXHIGHNY-26FEB10-B36.5 desired=keep
[DIAG] event=TICK_IN log_ts=2026-02-09T19:01:13.907657 tick_ts=2026-02-09T19:00:42.680444 ticker=KXHIGHNY-26FEB10-T32
[DIAG] event=DECISION log_ts=2026-02-09T19:01:13.907710 tick_ts=2026-02-09T19:00:42.680444 ticker=KXHIGHNY-26FEB10-T32 desired=keep
[DIAG] event=TICK_IN log_ts=2026-02-09T19:01:13.907775 tick_ts=2026-02-09T19:00:42.705879 ticker=KXHIGHNY-26FEB10-B34.5
[DIAG] event=METRIC log_ts=2026-02-09T19:01:13.907832 tick_ts=2026-02-09T19:00:42.705879 ticker=KXHIGHNY-26FEB10-B34.5 cash=9.76 pos_yes=0 pos_no=0 pending_yes=0 pending_no=0 net_inv=0 actions_last_60s=0 open_orders=0 buy_orders=0 sell_orders=0 recent_open_reject=False
[DIAG] event=DECISION log_ts=2026-02-09T19:01:13.907855 tick_ts=2026-02-09T19:00:42.705879 ticker=KXHIGHNY-26FEB10-B34.5 desired=keep
[DIAG] event=TICK_IN log_ts=2026-02-09T19:01:13.907919 tick_ts=2026-02-09T19:00:42.775704 ticker=KXHIGHNY-26FEB10-B38.5
[DIAG] event=METRIC log_ts=2026-02-09T19:01:13.907970 tick_ts=2026-02-09T19:00:42.775704 ticker=KXHIGHNY-26FEB10-B38.5 cash=9.76 pos_yes=0 pos_no=0 pending_yes=0 pending_no=0 net_inv=0 actions_last_60s=0 open_orders=0 buy_orders=0 sell_orders=0 recent_open_reject=False
[DIAG] event=DECISION log_ts=2026-02-09T19:01:13.908000 tick_ts=2026-02-09T19:00:42.775704 ticker=KXHIGHNY-26FEB10-B38.5 desired=keep
[DIAG] event=TICK_IN log_ts=2026-02-09T19:01:13.908075 tick_ts=2026-02-09T19:00:42.790330 ticker=KXHIGHNY-26FEB10-T32
[DIAG] event=DECISION log_ts=2026-02-09T19:01:13.908124 tick_ts=2026-02-09T19:00:42.790330 ticker=KXHIGHNY-26FEB10-T32 desired=keep
--- Status @ 19:01:13.950 ---
Equity: $9.76
Cash: $9.76
Portfolio Value: $0.00
Daily Budget: $4.88
Exposure: $0.00
[DIAG] event=TICK_IN log_ts=2026-02-09T19:01:13.950498 tick_ts=2026-02-09T19:00:42.804033 ticker=KXHIGHNY-26FEB10-T32
[DIAG] event=DECISION log_ts=2026-02-09T19:01:13.950671 tick_ts=2026-02-09T19:00:42.804033 ticker=KXHIGHNY-26FEB10-T32 desired=keep
[DIAG] event=TICK_IN log_ts=2026-02-09T19:01:13.950848 tick_ts=2026-02-09T19:00:42.804331 ticker=KXHIGHNY-26FEB10-B34.5
[DIAG] event=DECISION log_ts=2026-02-09T19:01:13.950941 tick_ts=2026-02-09T19:00:42.804331 ticker=KXHIGHNY-26FEB10-B34.5 desired=keep
[DIAG] event=TICK_IN log_ts=2026-02-09T19:01:13.951020 tick_ts=2026-02-09T19:00:42.842063 ticker=KXHIGHNY-26FEB10-B32.5
[DIAG] event=METRIC log_ts=2026-02-09T19:01:13.951092 tick_ts=2026-02-09T19:00:42.842063 ticker=KXHIGHNY-26FEB10-B32.5 cash=9.76 pos_yes=0 pos_no=0 pending_yes=0 pending_no=0 net_inv=0 actions_last_60s=0 open_orders=0 buy_orders=0 sell_orders=0 recent_open_reject=False
[DIAG] event=DECISION log_ts=2026-02-09T19:01:13.951132 tick_ts=2026-02-09T19:00:42.842063 ticker=KXHIGHNY-26FEB10-B32.5 desired=keep
[DIAG] event=TICK_IN log_ts=2026-02-09T19:01:13.951205 tick_ts=2026-02-09T19:00:42.856213 ticker=KXHIGHNY-26FEB10-T32
[DIAG] event=DECISION log_ts=2026-02-09T19:01:13.951261 tick_ts=2026-02-09T19:00:42.856213 ticker=KXHIGHNY-26FEB10-T32 desired=keep
[DIAG] event=TICK_IN log_ts=2026-02-09T19:01:13.951327 tick_ts=2026-02-09T19:00:42.856338 ticker=KXHIGHNY-26FEB10-B38.5
[DIAG] event=DECISION log_ts=2026-02-09T19:01:13.951373 tick_ts=2026-02-09T19:00:42.856338 ticker=KXHIGHNY-26FEB10-B38.5 desired=keep
[DIAG] event=TICK_IN log_ts=2026-02-09T19:01:13.951499 tick_ts=2026-02-09T19:00:42.900998 ticker=KXHIGHNY-26FEB10-T32
[DIAG] event=DECISION log_ts=2026-02-09T19:01:13.951572 tick_ts=2026-02-09T19:00:42.900998 ticker=KXHIGHNY-26FEB10-T32 desired=keep
[DIAG] event=TICK_IN log_ts=2026-02-09T19:01:13.951643 tick_ts=2026-02-09T19:00:42.914758 ticker=KXHIGHNY-26FEB10-B32.5
[DIAG] event=DECISION log_ts=2026-02-09T19:01:13.951689 tick_ts=2026-02-09T19:00:42.914758 ticker=KXHIGHNY-26FEB10-B32.5 desired=keep
[DIAG] event=TICK_IN log_ts=2026-02-09T19:01:13.951751 tick_ts=2026-02-09T19:00:42.966836 ticker=KXHIGHNY-26FEB10-T32
[DIAG] event=DECISION log_ts=2026-02-09T19:01:13.951799 tick_ts=2026-02-09T19:00:42.966836 ticker=KXHIGHNY-26FEB10-T32 desired=keep
[DIAG] event=TICK_IN log_ts=2026-02-09T19:01:13.951860 tick_ts=2026-02-09T19:00:42.973852 ticker=KXHIGHNY-26FEB10-T39
[DIAG] event=METRIC log_ts=2026-02-09T19:01:13.951913 tick_ts=2026-02-09T19:00:42.973852 ticker=KXHIGHNY-26FEB10-T39 cash=9.76 pos_yes=0 pos_no=0 pending_yes=0 pending_no=0 net_inv=0 actions_last_60s=0 open_orders=0 buy_orders=0 sell_orders=0 recent_open_reject=False
[DIAG] event=DECISION log_ts=2026-02-09T19:01:13.951937 tick_ts=2026-02-09T19:00:42.973852 ticker=KXHIGHNY-26FEB10-T39 desired=keep
[DIAG] event=TICK_IN log_ts=2026-02-09T19:01:13.951998 tick_ts=2026-02-09T19:00:48.171936 ticker=KXHIGHNY-26FEB10-B34.5
[DIAG] event=DECISION log_ts=2026-02-09T19:01:13.952042 tick_ts=2026-02-09T19:00:48.171936 ticker=KXHIGHNY-26FEB10-B34.5 desired=keep
--- Status @ 19:01:14.012 ---
Equity: $9.76
Cash: $9.76
Portfolio Value: $0.00
Daily Budget: $4.88
Exposure: $0.00
[DIAG] event=TICK_IN log_ts=2026-02-09T19:01:14.013120 tick_ts=2026-02-09T19:00:48.823718 ticker=KXHIGHNY-26FEB10-T39
[DIAG] event=DECISION log_ts=2026-02-09T19:01:14.013269 tick_ts=2026-02-09T19:00:48.823718 ticker=KXHIGHNY-26FEB10-T39 desired=keep
[DIAG] event=TICK_IN log_ts=2026-02-09T19:01:14.013376 tick_ts=2026-02-09T19:01:02.805313 ticker=KXHIGHNY-26FEB10-B36.5
[DIAG] event=DECISION log_ts=2026-02-09T19:01:14.013481 tick_ts=2026-02-09T19:01:02.805313 ticker=KXHIGHNY-26FEB10-B36.5 desired=keep
[DIAG] event=TICK_IN log_ts=2026-02-09T19:01:14.013574 tick_ts=2026-02-09T19:01:02.805506 ticker=KXHIGHNY-26FEB10-B36.5
[DIAG] event=DECISION log_ts=2026-02-09T19:01:14.013620 tick_ts=2026-02-09T19:01:02.805506 ticker=KXHIGHNY-26FEB10-B36.5 desired=keep
[DIAG] event=TICK_IN log_ts=2026-02-09T19:01:14.013688 tick_ts=2026-02-09T19:01:02.805633 ticker=KXHIGHNY-26FEB10-B36.5
[DIAG] event=DECISION log_ts=2026-02-09T19:01:14.013728 tick_ts=2026-02-09T19:01:02.805633 ticker=KXHIGHNY-26FEB10-B36.5 desired=keep
[DIAG] event=TICK_IN log_ts=2026-02-09T19:01:14.013782 tick_ts=2026-02-09T19:01:02.806349 ticker=KXHIGHNY-26FEB10-B36.5
[DIAG] event=DECISION log_ts=2026-02-09T19:01:14.013819 tick_ts=2026-02-09T19:01:02.806349 ticker=KXHIGHNY-26FEB10-B36.5 desired=keep
[DIAG] event=TICK_IN log_ts=2026-02-09T19:01:14.013987 tick_ts=2026-02-09T19:01:02.806467 ticker=KXHIGHNY-26FEB10-B36.5
[DIAG] event=DECISION log_ts=2026-02-09T19:01:14.014040 tick_ts=2026-02-09T19:01:02.806467 ticker=KXHIGHNY-26FEB10-B36.5 desired=keep
[DIAG] event=TICK_IN log_ts=2026-02-09T19:01:14.014099 tick_ts=2026-02-09T19:01:02.806648 ticker=KXHIGHNY-26FEB10-B36.5
[DIAG] event=DECISION log_ts=2026-02-09T19:01:14.014137 tick_ts=2026-02-09T19:01:02.806648 ticker=KXHIGHNY-26FEB10-B36.5 desired=keep
[DIAG] event=TICK_IN log_ts=2026-02-09T19:01:14.014203 tick_ts=2026-02-09T19:01:02.806815 ticker=KXHIGHNY-26FEB10-B36.5
[DIAG] event=DECISION log_ts=2026-02-09T19:01:14.014240 tick_ts=2026-02-09T19:01:02.806815 ticker=KXHIGHNY-26FEB10-B36.5 desired=keep
[DIAG] event=TICK_IN log_ts=2026-02-09T19:01:14.014291 tick_ts=2026-02-09T19:01:02.806898 ticker=KXHIGHNY-26FEB10-B36.5
[DIAG] event=DECISION log_ts=2026-02-09T19:01:14.014327 tick_ts=2026-02-09T19:01:02.806898 ticker=KXHIGHNY-26FEB10-B36.5 desired=keep
[DIAG] event=TICK_IN log_ts=2026-02-09T19:01:14.014378 tick_ts=2026-02-09T19:01:02.806963 ticker=KXHIGHNY-26FEB10-B36.5
[DIAG] event=DECISION log_ts=2026-02-09T19:01:14.014414 tick_ts=2026-02-09T19:01:02.806963 ticker=KXHIGHNY-26FEB10-B36.5 desired=keep
--- Status @ 19:01:14.085 ---
Equity: $9.76
Cash: $9.76
Portfolio Value: $0.00
Daily Budget: $4.88
Exposure: $0.00
[DIAG] event=TICK_IN log_ts=2026-02-09T19:01:14.085710 tick_ts=2026-02-09T19:01:02.807029 ticker=KXHIGHNY-26FEB10-B36.5
[DIAG] event=DECISION log_ts=2026-02-09T19:01:14.085849 tick_ts=2026-02-09T19:01:02.807029 ticker=KXHIGHNY-26FEB10-B36.5 desired=keep
[DIAG] event=TICK_IN log_ts=2026-02-09T19:01:14.085968 tick_ts=2026-02-09T19:01:02.807102 ticker=KXHIGHNY-26FEB10-B36.5
[DIAG] event=DECISION log_ts=2026-02-09T19:01:14.086019 tick_ts=2026-02-09T19:01:02.807102 ticker=KXHIGHNY-26FEB10-B36.5 desired=keep
[DIAG] event=TICK_IN log_ts=2026-02-09T19:01:14.086147 tick_ts=2026-02-09T19:01:02.807224 ticker=KXHIGHNY-26FEB10-B36.5
[DIAG] event=DECISION log_ts=2026-02-09T19:01:14.086210 tick_ts=2026-02-09T19:01:02.807224 ticker=KXHIGHNY-26FEB10-B36.5 desired=keep
[DIAG] event=TICK_IN log_ts=2026-02-09T19:01:14.086271 tick_ts=2026-02-09T19:01:02.843126 ticker=KXHIGHNY-26FEB10-B34.5
[DIAG] event=DECISION log_ts=2026-02-09T19:01:14.086313 tick_ts=2026-02-09T19:01:02.843126 ticker=KXHIGHNY-26FEB10-B34.5 desired=keep
[DIAG] event=TICK_IN log_ts=2026-02-09T19:01:14.086368 tick_ts=2026-02-09T19:01:02.843747 ticker=KXHIGHNY-26FEB10-T39
[DIAG] event=DECISION log_ts=2026-02-09T19:01:14.086407 tick_ts=2026-02-09T19:01:02.843747 ticker=KXHIGHNY-26FEB10-T39 desired=keep
[DIAG] event=TICK_IN log_ts=2026-02-09T19:01:14.086462 tick_ts=2026-02-09T19:01:02.843960 ticker=KXHIGHNY-26FEB10-B32.5
[DIAG] event=DECISION log_ts=2026-02-09T19:01:14.086502 tick_ts=2026-02-09T19:01:02.843960 ticker=KXHIGHNY-26FEB10-B32.5 desired=keep
[DIAG] event=TICK_IN log_ts=2026-02-09T19:01:14.086556 tick_ts=2026-02-09T19:01:02.844112 ticker=KXHIGHNY-26FEB10-B38.5
[DIAG] event=DECISION log_ts=2026-02-09T19:01:14.086593 tick_ts=2026-02-09T19:01:02.844112 ticker=KXHIGHNY-26FEB10-B38.5 desired=keep
[DIAG] event=TICK_IN log_ts=2026-02-09T19:01:14.086655 tick_ts=2026-02-09T19:01:02.844333 ticker=KXHIGHNY-26FEB10-B36.5
[DIAG] event=DECISION log_ts=2026-02-09T19:01:14.086694 tick_ts=2026-02-09T19:01:02.844333 ticker=KXHIGHNY-26FEB10-B36.5 desired=keep
[DIAG] event=TICK_IN log_ts=2026-02-09T19:01:14.086746 tick_ts=2026-02-09T19:01:02.851104 ticker=KXHIGHNY-26FEB10-T32
[DIAG] event=DECISION log_ts=2026-02-09T19:01:14.086783 tick_ts=2026-02-09T19:01:02.851104 ticker=KXHIGHNY-26FEB10-T32 desired=keep
[DIAG] event=TICK_IN log_ts=2026-02-09T19:01:14.086834 tick_ts=2026-02-09T19:01:02.851194 ticker=KXHIGHNY-26FEB10-T32
[DIAG] event=DECISION log_ts=2026-02-09T19:01:14.086871 tick_ts=2026-02-09T19:01:02.851194 ticker=KXHIGHNY-26FEB10-T32 desired=keep
--- Status @ 19:01:14.127 ---
Equity: $9.76
Cash: $9.76
Portfolio Value: $0.00
Daily Budget: $4.88
Exposure: $0.00
[DIAG] event=TICK_IN log_ts=2026-02-09T19:01:14.128168 tick_ts=2026-02-09T19:01:02.903974 ticker=KXHIGHNY-26FEB10-T32
[DIAG] event=DECISION log_ts=2026-02-09T19:01:14.128343 tick_ts=2026-02-09T19:01:02.903974 ticker=KXHIGHNY-26FEB10-T32 desired=keep
[DIAG] event=TICK_IN log_ts=2026-02-09T19:01:14.128475 tick_ts=2026-02-09T19:01:02.922059 ticker=KXHIGHNY-26FEB10-B36.5
[DIAG] event=DECISION log_ts=2026-02-09T19:01:14.128538 tick_ts=2026-02-09T19:01:02.922059 ticker=KXHIGHNY-26FEB10-B36.5 desired=keep
[DIAG] event=TICK_IN log_ts=2026-02-09T19:01:14.128616 tick_ts=2026-02-09T19:01:02.922352 ticker=KXHIGHNY-26FEB10-B38.5
[DIAG] event=DECISION log_ts=2026-02-09T19:01:14.128659 tick_ts=2026-02-09T19:01:02.922352 ticker=KXHIGHNY-26FEB10-B38.5 desired=keep
[DIAG] event=TICK_IN log_ts=2026-02-09T19:01:14.128715 tick_ts=2026-02-09T19:01:02.922438 ticker=KXHIGHNY-26FEB10-B32.5
[DIAG] event=DECISION log_ts=2026-02-09T19:01:14.128753 tick_ts=2026-02-09T19:01:02.922438 ticker=KXHIGHNY-26FEB10-B32.5 desired=keep
[DIAG] event=TICK_IN log_ts=2026-02-09T19:01:14.128808 tick_ts=2026-02-09T19:01:02.936068 ticker=KXHIGHNY-26FEB10-B36.5
[DIAG] event=DECISION log_ts=2026-02-09T19:01:14.128856 tick_ts=2026-02-09T19:01:02.936068 ticker=KXHIGHNY-26FEB10-B36.5 desired=keep
[DIAG] event=TICK_IN log_ts=2026-02-09T19:01:14.128911 tick_ts=2026-02-09T19:01:02.937544 ticker=KXHIGHNY-26FEB10-B34.5
[DIAG] event=DECISION log_ts=2026-02-09T19:01:14.128948 tick_ts=2026-02-09T19:01:02.937544 ticker=KXHIGHNY-26FEB10-B34.5 desired=keep
[DIAG] event=TICK_IN log_ts=2026-02-09T19:01:14.129000 tick_ts=2026-02-09T19:01:02.945250 ticker=KXHIGHNY-26FEB10-B36.5
[DIAG] event=DECISION log_ts=2026-02-09T19:01:14.129037 tick_ts=2026-02-09T19:01:02.945250 ticker=KXHIGHNY-26FEB10-B36.5 desired=keep
[DIAG] event=TICK_IN log_ts=2026-02-09T19:01:14.129087 tick_ts=2026-02-09T19:01:02.951253 ticker=KXHIGHNY-26FEB10-B36.5
[DIAG] event=DECISION log_ts=2026-02-09T19:01:14.129124 tick_ts=2026-02-09T19:01:02.951253 ticker=KXHIGHNY-26FEB10-B36.5 desired=keep
[DIAG] event=TICK_IN log_ts=2026-02-09T19:01:14.129175 tick_ts=2026-02-09T19:01:02.962845 ticker=KXHIGHNY-26FEB10-B36.5
[DIAG] event=DECISION log_ts=2026-02-09T19:01:14.129211 tick_ts=2026-02-09T19:01:02.962845 ticker=KXHIGHNY-26FEB10-B36.5 desired=keep
[DIAG] event=TICK_IN log_ts=2026-02-09T19:01:14.129262 tick_ts=2026-02-09T19:01:02.985399 ticker=KXHIGHNY-26FEB10-B36.5
[DIAG] event=DECISION log_ts=2026-02-09T19:01:14.129297 tick_ts=2026-02-09T19:01:02.985399 ticker=KXHIGHNY-26FEB10-B36.5 desired=keep
--- Status @ 19:01:14.176 ---
Equity: $9.76
Cash: $9.76
Portfolio Value: $0.00
Daily Budget: $4.88
Exposure: $0.00
[DIAG] event=TICK_IN log_ts=2026-02-09T19:01:14.177105 tick_ts=2026-02-09T19:01:02.985539 ticker=KXHIGHNY-26FEB10-B36.5
[DIAG] event=DECISION log_ts=2026-02-09T19:01:14.177273 tick_ts=2026-02-09T19:01:02.985539 ticker=KXHIGHNY-26FEB10-B36.5 desired=keep
[DIAG] event=TICK_IN log_ts=2026-02-09T19:01:14.177405 tick_ts=2026-02-09T19:01:03.084926 ticker=KXHIGHNY-26FEB10-B36.5
[DIAG] event=DECISION log_ts=2026-02-09T19:01:14.177483 tick_ts=2026-02-09T19:01:03.084926 ticker=KXHIGHNY-26FEB10-B36.5 desired=keep
[DIAG] event=TICK_IN log_ts=2026-02-09T19:01:14.177569 tick_ts=2026-02-09T19:01:03.210734 ticker=KXHIGHNY-26FEB10-B32.5
[DIAG] event=DECISION log_ts=2026-02-09T19:01:14.177625 tick_ts=2026-02-09T19:01:03.210734 ticker=KXHIGHNY-26FEB10-B32.5 desired=keep
[DIAG] event=TICK_IN log_ts=2026-02-09T19:01:14.177686 tick_ts=2026-02-09T19:01:03.224993 ticker=KXHIGHNY-26FEB10-B32.5
[DIAG] event=DECISION log_ts=2026-02-09T19:01:14.177724 tick_ts=2026-02-09T19:01:03.224993 ticker=KXHIGHNY-26FEB10-B32.5 desired=keep
[DIAG] event=TICK_IN log_ts=2026-02-09T19:01:14.177779 tick_ts=2026-02-09T19:01:04.180366 ticker=KXHIGHNY-26FEB10-B36.5
[DIAG] event=DECISION log_ts=2026-02-09T19:01:14.177816 tick_ts=2026-02-09T19:01:04.180366 ticker=KXHIGHNY-26FEB10-B36.5 desired=keep
[DIAG] event=TICK_IN log_ts=2026-02-09T19:01:14.177986 tick_ts=2026-02-09T19:01:04.201474 ticker=KXHIGHNY-26FEB10-B36.5
[DIAG] event=DECISION log_ts=2026-02-09T19:01:14.178036 tick_ts=2026-02-09T19:01:04.201474 ticker=KXHIGHNY-26FEB10-B36.5 desired=keep
[DIAG] event=TICK_IN log_ts=2026-02-09T19:01:14.178105 tick_ts=2026-02-09T19:01:04.565560 ticker=KXHIGHNY-26FEB10-B32.5
[DIAG] event=DECISION log_ts=2026-02-09T19:01:14.178146 tick_ts=2026-02-09T19:01:04.565560 ticker=KXHIGHNY-26FEB10-B32.5 desired=keep
[DIAG] event=TICK_IN log_ts=2026-02-09T19:01:14.178201 tick_ts=2026-02-09T19:01:04.603867 ticker=KXHIGHNY-26FEB10-B36.5
[DIAG] event=DECISION log_ts=2026-02-09T19:01:14.178238 tick_ts=2026-02-09T19:01:04.603867 ticker=KXHIGHNY-26FEB10-B36.5 desired=keep
[DIAG] event=TICK_IN log_ts=2026-02-09T19:01:14.178297 tick_ts=2026-02-09T19:01:04.640978 ticker=KXHIGHNY-26FEB10-B36.5
[DIAG] event=DECISION log_ts=2026-02-09T19:01:14.178334 tick_ts=2026-02-09T19:01:04.640978 ticker=KXHIGHNY-26FEB10-B36.5 desired=keep
[DIAG] event=TICK_IN log_ts=2026-02-09T19:01:14.178387 tick_ts=2026-02-09T19:01:05.228295 ticker=KXHIGHNY-26FEB10-B36.5
[DIAG] event=DECISION log_ts=2026-02-09T19:01:14.178423 tick_ts=2026-02-09T19:01:05.228295 ticker=KXHIGHNY-26FEB10-B36.5 desired=keep
--- Status @ 19:01:14.254 ---
Equity: $9.76
Cash: $9.76
Portfolio Value: $0.00
Daily Budget: $4.88
Exposure: $0.00
[DIAG] event=TICK_IN log_ts=2026-02-09T19:01:14.254401 tick_ts=2026-02-09T19:01:07.765293 ticker=KXHIGHNY-26FEB10-B36.5
[DIAG] event=DECISION log_ts=2026-02-09T19:01:14.254561 tick_ts=2026-02-09T19:01:07.765293 ticker=KXHIGHNY-26FEB10-B36.5 desired=keep
[DIAG] event=TICK_IN log_ts=2026-02-09T19:01:14.254661 tick_ts=2026-02-09T19:01:07.894957 ticker=KXHIGHNY-26FEB10-B36.5
[DIAG] event=DECISION log_ts=2026-02-09T19:01:14.254759 tick_ts=2026-02-09T19:01:07.894957 ticker=KXHIGHNY-26FEB10-B36.5 desired=keep
[DIAG] event=TICK_IN log_ts=2026-02-09T19:01:14.254866 tick_ts=2026-02-09T19:01:07.930876 ticker=KXHIGHNY-26FEB10-T32
[DIAG] event=DECISION log_ts=2026-02-09T19:01:14.254922 tick_ts=2026-02-09T19:01:07.930876 ticker=KXHIGHNY-26FEB10-T32 desired=keep
[DIAG] event=TICK_IN log_ts=2026-02-09T19:01:14.254982 tick_ts=2026-02-09T19:01:10.603713 ticker=KXHIGHNY-26FEB10-B38.5
[DIAG] event=DECISION log_ts=2026-02-09T19:01:14.255023 tick_ts=2026-02-09T19:01:10.603713 ticker=KXHIGHNY-26FEB10-B38.5 desired=keep
[DIAG] event=TICK_IN log_ts=2026-02-09T19:01:14.255093 tick_ts=2026-02-09T19:01:10.630509 ticker=KXHIGHNY-26FEB10-B36.5
[DIAG] event=DECISION log_ts=2026-02-09T19:01:14.255133 tick_ts=2026-02-09T19:01:10.630509 ticker=KXHIGHNY-26FEB10-B36.5 desired=keep
[DIAG] event=TICK_IN log_ts=2026-02-09T19:01:14.255187 tick_ts=2026-02-09T19:01:10.639328 ticker=KXHIGHNY-26FEB10-T32
[DIAG] event=DECISION log_ts=2026-02-09T19:01:14.255225 tick_ts=2026-02-09T19:01:10.639328 ticker=KXHIGHNY-26FEB10-T32 desired=keep
[DIAG] event=TICK_IN log_ts=2026-02-09T19:01:14.255280 tick_ts=2026-02-09T19:01:10.639789 ticker=KXHIGHNY-26FEB10-B36.5
[DIAG] event=DECISION log_ts=2026-02-09T19:01:14.255319 tick_ts=2026-02-09T19:01:10.639789 ticker=KXHIGHNY-26FEB10-B36.5 desired=keep
[DIAG] event=TICK_IN log_ts=2026-02-09T19:01:14.255371 tick_ts=2026-02-09T19:01:10.699040 ticker=KXHIGHNY-26FEB10-T32
[DIAG] event=DECISION log_ts=2026-02-09T19:01:14.255409 tick_ts=2026-02-09T19:01:10.699040 ticker=KXHIGHNY-26FEB10-T32 desired=keep
[DIAG] event=TICK_IN log_ts=2026-02-09T19:01:14.255536 tick_ts=2026-02-09T19:01:10.699278 ticker=KXHIGHNY-26FEB10-T32
[DIAG] event=DECISION log_ts=2026-02-09T19:01:14.255598 tick_ts=2026-02-09T19:01:10.699278 ticker=KXHIGHNY-26FEB10-T32 desired=keep
[DIAG] event=TICK_IN log_ts=2026-02-09T19:01:14.255653 tick_ts=2026-02-09T19:01:10.747999 ticker=KXHIGHNY-26FEB10-T32
[DIAG] event=DECISION log_ts=2026-02-09T19:01:14.255690 tick_ts=2026-02-09T19:01:10.747999 ticker=KXHIGHNY-26FEB10-T32 desired=keep
--- Status @ 19:01:14.294 ---
Equity: $9.76
Cash: $9.76
Portfolio Value: $0.00
Daily Budget: $4.88
Exposure: $0.00
[DIAG] event=TICK_IN log_ts=2026-02-09T19:01:14.295041 tick_ts=2026-02-09T19:01:10.845954 ticker=KXHIGHNY-26FEB10-T32
[DIAG] event=DECISION log_ts=2026-02-09T19:01:14.295193 tick_ts=2026-02-09T19:01:10.845954 ticker=KXHIGHNY-26FEB10-T32 desired=keep
[DIAG] event=TICK_IN log_ts=2026-02-09T19:01:14.295380 tick_ts=2026-02-09T19:01:10.846140 ticker=KXHIGHNY-26FEB10-T32
[DIAG] event=DECISION log_ts=2026-02-09T19:01:14.295515 tick_ts=2026-02-09T19:01:10.846140 ticker=KXHIGHNY-26FEB10-T32 desired=keep
[DIAG] event=TICK_IN log_ts=2026-02-09T19:01:14.295654 tick_ts=2026-02-09T19:01:13.797370 ticker=KXHIGHNY-26FEB10-B36.5
[DIAG] event=METRIC log_ts=2026-02-09T19:01:14.295725 tick_ts=2026-02-09T19:01:13.797370 ticker=KXHIGHNY-26FEB10-B36.5 cash=9.76 pos_yes=0 pos_no=0 pending_yes=0 pending_no=0 net_inv=0 actions_last_60s=0 open_orders=0 buy_orders=0 sell_orders=0 recent_open_reject=False
[DIAG] event=DECISION log_ts=2026-02-09T19:01:14.295761 tick_ts=2026-02-09T19:01:13.797370 ticker=KXHIGHNY-26FEB10-B36.5 desired=keep
[DIAG] event=TICK_IN log_ts=2026-02-09T19:01:14.295833 tick_ts=2026-02-09T19:01:13.850013 ticker=KXHIGHNY-26FEB10-T32
[DIAG] event=METRIC log_ts=2026-02-09T19:01:14.295887 tick_ts=2026-02-09T19:01:13.850013 ticker=KXHIGHNY-26FEB10-T32 cash=9.76 pos_yes=0 pos_no=0 pending_yes=0 pending_no=0 net_inv=0 actions_last_60s=0 open_orders=0 buy_orders=0 sell_orders=0 recent_open_reject=False
[DIAG] event=DECISION log_ts=2026-02-09T19:01:14.295905 tick_ts=2026-02-09T19:01:13.850013 ticker=KXHIGHNY-26FEB10-T32 desired=keep
[DIAG] event=TICK_IN log_ts=2026-02-09T19:01:14.295964 tick_ts=2026-02-09T19:01:13.852265 ticker=KXHIGHNY-26FEB10-B38.5
[DIAG] event=METRIC log_ts=2026-02-09T19:01:14.296010 tick_ts=2026-02-09T19:01:13.852265 ticker=KXHIGHNY-26FEB10-B38.5 cash=9.76 pos_yes=0 pos_no=0 pending_yes=0 pending_no=0 net_inv=0 actions_last_60s=0 open_orders=0 buy_orders=0 sell_orders=0 recent_open_reject=False
[DIAG] event=DECISION log_ts=2026-02-09T19:01:14.296027 tick_ts=2026-02-09T19:01:13.852265 ticker=KXHIGHNY-26FEB10-B38.5 desired=keep
[DIAG] event=TICK_IN log_ts=2026-02-09T19:01:14.296081 tick_ts=2026-02-09T19:01:13.874478 ticker=KXHIGHNY-26FEB10-B36.5
[DIAG] event=DECISION log_ts=2026-02-09T19:01:14.296121 tick_ts=2026-02-09T19:01:13.874478 ticker=KXHIGHNY-26FEB10-B36.5 desired=keep
[DIAG] event=TICK_IN log_ts=2026-02-09T19:01:14.296175 tick_ts=2026-02-09T19:01:13.919603 ticker=KXHIGHNY-26FEB10-T32
[DIAG] event=DECISION log_ts=2026-02-09T19:01:14.296212 tick_ts=2026-02-09T19:01:13.919603 ticker=KXHIGHNY-26FEB10-T32 desired=keep
[DIAG] event=TICK_IN log_ts=2026-02-09T19:01:18.305154 tick_ts=2026-02-09T19:01:18.299159 ticker=KXHIGHNY-26FEB10-B36.5
[DIAG] event=DECISION log_ts=2026-02-09T19:01:18.305302 tick_ts=2026-02-09T19:01:18.299159 ticker=KXHIGHNY-26FEB10-B36.5 desired=keep
[DIAG] event=TICK_IN log_ts=2026-02-09T19:01:18.806469 tick_ts=2026-02-09T19:01:18.309152 ticker=KXHIGHNY-26FEB10-T32
[DIAG] event=DECISION log_ts=2026-02-09T19:01:18.806595 tick_ts=2026-02-09T19:01:18.309152 ticker=KXHIGHNY-26FEB10-T32 desired=keep
[DIAG] event=TICK_IN log_ts=2026-02-09T19:01:18.806696 tick_ts=2026-02-09T19:01:18.695806 ticker=KXHIGHNY-26FEB10-T32
[DIAG] event=DECISION log_ts=2026-02-09T19:01:18.806742 tick_ts=2026-02-09T19:01:18.695806 ticker=KXHIGHNY-26FEB10-T32 desired=keep
--- Status @ 19:01:18.845 ---
Equity: $9.76
Cash: $9.76
Portfolio Value: $0.00
Daily Budget: $4.88
Exposure: $0.00
[DIAG] event=TICK_IN log_ts=2026-02-09T19:01:18.845303 tick_ts=2026-02-09T19:01:18.695931 ticker=KXHIGHNY-26FEB10-T32
[DIAG] event=DECISION log_ts=2026-02-09T19:01:18.845402 tick_ts=2026-02-09T19:01:18.695931 ticker=KXHIGHNY-26FEB10-T32 desired=keep
[DIAG] event=TICK_IN log_ts=2026-02-09T19:01:18.845495 tick_ts=2026-02-09T19:01:18.706623 ticker=KXHIGHNY-26FEB10-T32
[DIAG] event=DECISION log_ts=2026-02-09T19:01:18.845543 tick_ts=2026-02-09T19:01:18.706623 ticker=KXHIGHNY-26FEB10-T32 desired=keep
[DIAG] event=TICK_IN log_ts=2026-02-09T19:01:19.847771 tick_ts=2026-02-09T19:01:19.352321 ticker=KXHIGHNY-26FEB10-B36.5
[DIAG] event=DECISION log_ts=2026-02-09T19:01:19.847899 tick_ts=2026-02-09T19:01:19.352321 ticker=KXHIGHNY-26FEB10-B36.5 desired=keep
[DIAG] event=TICK_IN log_ts=2026-02-09T19:01:19.847990 tick_ts=2026-02-09T19:01:19.391982 ticker=KXHIGHNY-26FEB10-T32
[DIAG] event=DECISION log_ts=2026-02-09T19:01:19.848035 tick_ts=2026-02-09T19:01:19.391982 ticker=KXHIGHNY-26FEB10-T32 desired=keep
[DIAG] event=TICK_IN log_ts=2026-02-09T19:01:19.848094 tick_ts=2026-02-09T19:01:19.407920 ticker=KXHIGHNY-26FEB10-T32
[DIAG] event=DECISION log_ts=2026-02-09T19:01:19.848134 tick_ts=2026-02-09T19:01:19.407920 ticker=KXHIGHNY-26FEB10-T32 desired=keep
[DIAG] event=TICK_IN log_ts=2026-02-09T19:01:19.848257 tick_ts=2026-02-09T19:01:19.432520 ticker=KXHIGHNY-26FEB10-T32
[DIAG] event=DECISION log_ts=2026-02-09T19:01:19.848322 tick_ts=2026-02-09T19:01:19.432520 ticker=KXHIGHNY-26FEB10-T32 desired=keep
[DIAG] event=TICK_IN log_ts=2026-02-09T19:01:20.850683 tick_ts=2026-02-09T19:01:20.558191 ticker=KXHIGHNY-26FEB10-B38.5
[DIAG] event=DECISION log_ts=2026-02-09T19:01:20.850846 tick_ts=2026-02-09T19:01:20.558191 ticker=KXHIGHNY-26FEB10-B38.5 desired=keep
[DIAG] event=TICK_IN log_ts=2026-02-09T19:01:21.853377 tick_ts=2026-02-09T19:01:21.549447 ticker=KXHIGHNY-26FEB09-T28
[DIAG] event=METRIC log_ts=2026-02-09T19:01:21.853629 tick_ts=2026-02-09T19:01:21.549447 ticker=KXHIGHNY-26FEB09-T28 cash=9.76 pos_yes=0 pos_no=0 pending_yes=0 pending_no=0 net_inv=0 actions_last_60s=0 open_orders=0 buy_orders=0 sell_orders=0 recent_open_reject=False
[DIAG] event=DECISION log_ts=2026-02-09T19:01:21.853670 tick_ts=2026-02-09T19:01:21.549447 ticker=KXHIGHNY-26FEB09-T28 desired=keep
[DIAG] event=TICK_IN log_ts=2026-02-09T19:01:23.357563 tick_ts=2026-02-09T19:01:22.889823 ticker=KXHIGHNY-26FEB10-B36.5
[DIAG] event=DECISION log_ts=2026-02-09T19:01:23.396241 tick_ts=2026-02-09T19:01:22.889823 ticker=KXHIGHNY-26FEB10-B36.5 desired=keep
[DIAG] event=TICK_IN log_ts=2026-02-09T19:01:30.411919 tick_ts=2026-02-09T19:01:30.345586 ticker=KXHIGHNY-26FEB10-B36.5
[DIAG] event=DECISION log_ts=2026-02-09T19:01:30.443200 tick_ts=2026-02-09T19:01:30.345586 ticker=KXHIGHNY-26FEB10-B36.5 desired=keep
--- Status @ 19:01:30.482 ---
Equity: $9.76
Cash: $9.76
Portfolio Value: $0.00
Daily Budget: $4.88
Exposure: $0.00
[DIAG] event=TICK_IN log_ts=2026-02-09T19:01:30.483236 tick_ts=2026-02-09T19:01:30.345704 ticker=KXHIGHNY-26FEB10-B36.5
[DIAG] event=DECISION log_ts=2026-02-09T19:01:30.483353 tick_ts=2026-02-09T19:01:30.345704 ticker=KXHIGHNY-26FEB10-B36.5 desired=keep
[DIAG] event=TICK_IN log_ts=2026-02-09T19:01:30.483499 tick_ts=2026-02-09T19:01:30.371683 ticker=KXHIGHNY-26FEB10-T32
[DIAG] event=DECISION log_ts=2026-02-09T19:01:30.483594 tick_ts=2026-02-09T19:01:30.371683 ticker=KXHIGHNY-26FEB10-T32 desired=keep
[DIAG] event=TICK_IN log_ts=2026-02-09T19:01:30.483680 tick_ts=2026-02-09T19:01:30.372002 ticker=KXHIGHNY-26FEB10-T39
[DIAG] event=METRIC log_ts=2026-02-09T19:01:30.483762 tick_ts=2026-02-09T19:01:30.372002 ticker=KXHIGHNY-26FEB10-T39 cash=9.76 pos_yes=0 pos_no=0 pending_yes=0 pending_no=0 net_inv=0 actions_last_60s=0 open_orders=0 buy_orders=0 sell_orders=0 recent_open_reject=False
[DIAG] event=DECISION log_ts=2026-02-09T19:01:30.483794 tick_ts=2026-02-09T19:01:30.372002 ticker=KXHIGHNY-26FEB10-T39 desired=keep
[DIAG] event=TICK_IN log_ts=2026-02-09T19:01:30.483871 tick_ts=2026-02-09T19:01:30.381231 ticker=KXHIGHNY-26FEB10-B34.5
[DIAG] event=METRIC log_ts=2026-02-09T19:01:30.483923 tick_ts=2026-02-09T19:01:30.381231 ticker=KXHIGHNY-26FEB10-B34.5 cash=9.76 pos_yes=0 pos_no=0 pending_yes=0 pending_no=0 net_inv=0 actions_last_60s=0 open_orders=0 buy_orders=0 sell_orders=0 recent_open_reject=False
[DIAG] event=DECISION log_ts=2026-02-09T19:01:30.483941 tick_ts=2026-02-09T19:01:30.381231 ticker=KXHIGHNY-26FEB10-B34.5 desired=keep
[DIAG] event=TICK_IN log_ts=2026-02-09T19:01:30.483996 tick_ts=2026-02-09T19:01:30.381412 ticker=KXHIGHNY-26FEB10-B38.5
[DIAG] event=DECISION log_ts=2026-02-09T19:01:30.484035 tick_ts=2026-02-09T19:01:30.381412 ticker=KXHIGHNY-26FEB10-B38.5 desired=keep
[DIAG] event=TICK_IN log_ts=2026-02-09T19:01:30.484090 tick_ts=2026-02-09T19:01:30.381724 ticker=KXHIGHNY-26FEB10-B38.5
[DIAG] event=DECISION log_ts=2026-02-09T19:01:30.484127 tick_ts=2026-02-09T19:01:30.381724 ticker=KXHIGHNY-26FEB10-B38.5 desired=keep
[DIAG] event=TICK_IN log_ts=2026-02-09T19:01:30.484180 tick_ts=2026-02-09T19:01:30.381811 ticker=KXHIGHNY-26FEB10-T32
[DIAG] event=DECISION log_ts=2026-02-09T19:01:30.484216 tick_ts=2026-02-09T19:01:30.381811 ticker=KXHIGHNY-26FEB10-T32 desired=keep
[DIAG] event=TICK_IN log_ts=2026-02-09T19:01:30.484268 tick_ts=2026-02-09T19:01:30.381966 ticker=KXHIGHNY-26FEB10-B32.5
[DIAG] event=METRIC log_ts=2026-02-09T19:01:30.484309 tick_ts=2026-02-09T19:01:30.381966 ticker=KXHIGHNY-26FEB10-B32.5 cash=9.76 pos_yes=0 pos_no=0 pending_yes=0 pending_no=0 net_inv=0 actions_last_60s=0 open_orders=0 buy_orders=0 sell_orders=0 recent_open_reject=False
[DIAG] event=DECISION log_ts=2026-02-09T19:01:30.484336 tick_ts=2026-02-09T19:01:30.381966 ticker=KXHIGHNY-26FEB10-B32.5 desired=keep
[DIAG] event=TICK_IN log_ts=2026-02-09T19:01:30.484390 tick_ts=2026-02-09T19:01:30.384150 ticker=KXHIGHNY-26FEB10-B36.5
[DIAG] event=DECISION log_ts=2026-02-09T19:01:30.484430 tick_ts=2026-02-09T19:01:30.384150 ticker=KXHIGHNY-26FEB10-B36.5 desired=keep
[DIAG] event=TICK_IN log_ts=2026-02-09T19:01:30.484482 tick_ts=2026-02-09T19:01:30.407714 ticker=KXHIGHNY-26FEB10-B36.5
[DIAG] event=DECISION log_ts=2026-02-09T19:01:30.484518 tick_ts=2026-02-09T19:01:30.407714 ticker=KXHIGHNY-26FEB10-B36.5 desired=keep
--- Status @ 19:01:30.554 ---
Equity: $9.76
Cash: $9.76
Portfolio Value: $0.00
Daily Budget: $4.88
Exposure: $0.00
[DIAG] event=TICK_IN log_ts=2026-02-09T19:01:30.554995 tick_ts=2026-02-09T19:01:30.420462 ticker=KXHIGHNY-26FEB10-T32
[DIAG] event=DECISION log_ts=2026-02-09T19:01:30.555104 tick_ts=2026-02-09T19:01:30.420462 ticker=KXHIGHNY-26FEB10-T32 desired=keep
[DIAG] event=TICK_IN log_ts=2026-02-09T19:01:30.555188 tick_ts=2026-02-09T19:01:30.431284 ticker=KXHIGHNY-26FEB10-B36.5
[DIAG] event=DECISION log_ts=2026-02-09T19:01:30.555280 tick_ts=2026-02-09T19:01:30.431284 ticker=KXHIGHNY-26FEB10-B36.5 desired=keep
[DIAG] event=TICK_IN log_ts=2026-02-09T19:01:30.555376 tick_ts=2026-02-09T19:01:30.431570 ticker=KXHIGHNY-26FEB10-B36.5
[DIAG] event=DECISION log_ts=2026-02-09T19:01:30.555470 tick_ts=2026-02-09T19:01:30.431570 ticker=KXHIGHNY-26FEB10-B36.5 desired=keep
[DIAG] event=TICK_IN log_ts=2026-02-09T19:01:31.056569 tick_ts=2026-02-09T19:01:30.638757 ticker=KXHIGHNY-26FEB10-B36.5
[DIAG] event=DECISION log_ts=2026-02-09T19:01:31.056688 tick_ts=2026-02-09T19:01:30.638757 ticker=KXHIGHNY-26FEB10-B36.5 desired=keep
[DIAG] event=TICK_IN log_ts=2026-02-09T19:01:31.056790 tick_ts=2026-02-09T19:01:30.665449 ticker=KXHIGHNY-26FEB10-T32
[DIAG] event=DECISION log_ts=2026-02-09T19:01:31.056836 tick_ts=2026-02-09T19:01:30.665449 ticker=KXHIGHNY-26FEB10-T32 desired=keep
[DIAG] event=TICK_IN log_ts=2026-02-09T19:01:31.056895 tick_ts=2026-02-09T19:01:30.846370 ticker=KXHIGHNY-26FEB10-T32
[DIAG] event=DECISION log_ts=2026-02-09T19:01:31.056934 tick_ts=2026-02-09T19:01:30.846370 ticker=KXHIGHNY-26FEB10-T32 desired=keep
[DIAG] event=TICK_IN log_ts=2026-02-09T19:01:31.057003 tick_ts=2026-02-09T19:01:30.846656 ticker=KXHIGHNY-26FEB10-B36.5
[DIAG] event=DECISION log_ts=2026-02-09T19:01:31.057043 tick_ts=2026-02-09T19:01:30.846656 ticker=KXHIGHNY-26FEB10-B36.5 desired=keep
[DIAG] event=TICK_IN log_ts=2026-02-09T19:01:31.057097 tick_ts=2026-02-09T19:01:30.860458 ticker=KXHIGHNY-26FEB10-B36.5
[DIAG] event=DECISION log_ts=2026-02-09T19:01:31.057133 tick_ts=2026-02-09T19:01:30.860458 ticker=KXHIGHNY-26FEB10-B36.5 desired=keep
[DIAG] event=TICK_IN log_ts=2026-02-09T19:01:31.057186 tick_ts=2026-02-09T19:01:30.861225 ticker=KXHIGHNY-26FEB10-T32
[DIAG] event=DECISION log_ts=2026-02-09T19:01:31.057222 tick_ts=2026-02-09T19:01:30.861225 ticker=KXHIGHNY-26FEB10-T32 desired=keep
[DIAG] event=TICK_IN log_ts=2026-02-09T19:01:31.057274 tick_ts=2026-02-09T19:01:30.879095 ticker=KXHIGHNY-26FEB10-B36.5
[DIAG] event=DECISION log_ts=2026-02-09T19:01:31.057309 tick_ts=2026-02-09T19:01:30.879095 ticker=KXHIGHNY-26FEB10-B36.5 desired=keep
--- Status @ 19:01:31.114 ---
Equity: $9.76
Cash: $9.76
Portfolio Value: $0.00
Daily Budget: $4.88
Exposure: $0.00
[DIAG] event=TICK_IN log_ts=2026-02-09T19:01:31.114703 tick_ts=2026-02-09T19:01:30.880590 ticker=KXHIGHNY-26FEB10-T32
[DIAG] event=DECISION log_ts=2026-02-09T19:01:31.114809 tick_ts=2026-02-09T19:01:30.880590 ticker=KXHIGHNY-26FEB10-T32 desired=keep
[DIAG] event=TICK_IN log_ts=2026-02-09T19:01:31.114891 tick_ts=2026-02-09T19:01:30.880718 ticker=KXHIGHNY-26FEB10-T32
[DIAG] event=DECISION log_ts=2026-02-09T19:01:31.114936 tick_ts=2026-02-09T19:01:30.880718 ticker=KXHIGHNY-26FEB10-T32 desired=keep
[DIAG] event=TICK_IN log_ts=2026-02-09T19:01:31.114996 tick_ts=2026-02-09T19:01:30.918826 ticker=KXHIGHNY-26FEB10-B36.5
[DIAG] event=DECISION log_ts=2026-02-09T19:01:31.115119 tick_ts=2026-02-09T19:01:30.918826 ticker=KXHIGHNY-26FEB10-B36.5 desired=keep
[DIAG] event=TICK_IN log_ts=2026-02-09T19:01:34.122365 tick_ts=2026-02-09T19:01:33.764707 ticker=KXHIGHNY-26FEB10-T32
[DIAG] event=DECISION log_ts=2026-02-09T19:01:34.156840 tick_ts=2026-02-09T19:01:33.764707 ticker=KXHIGHNY-26FEB10-T32 desired=keep
[DIAG] event=TICK_IN log_ts=2026-02-09T19:01:34.157014 tick_ts=2026-02-09T19:01:33.794328 ticker=KXHIGHNY-26FEB10-B36.5
[DIAG] event=DECISION log_ts=2026-02-09T19:01:34.157069 tick_ts=2026-02-09T19:01:33.794328 ticker=KXHIGHNY-26FEB10-B36.5 desired=keep
[DIAG] event=TICK_IN log_ts=2026-02-09T19:01:34.157244 tick_ts=2026-02-09T19:01:33.822152 ticker=KXHIGHNY-26FEB10-B36.5
[DIAG] event=DECISION log_ts=2026-02-09T19:01:34.157301 tick_ts=2026-02-09T19:01:33.822152 ticker=KXHIGHNY-26FEB10-B36.5 desired=keep
[DIAG] event=TICK_IN log_ts=2026-02-09T19:01:34.157364 tick_ts=2026-02-09T19:01:33.875060 ticker=KXHIGHNY-26FEB10-T32
[DIAG] event=DECISION log_ts=2026-02-09T19:01:34.157405 tick_ts=2026-02-09T19:01:33.875060 ticker=KXHIGHNY-26FEB10-T32 desired=keep
[DIAG] event=TICK_IN log_ts=2026-02-09T19:01:34.157464 tick_ts=2026-02-09T19:01:33.875358 ticker=KXHIGHNY-26FEB10-B38.5
[DIAG] event=DECISION log_ts=2026-02-09T19:01:34.157504 tick_ts=2026-02-09T19:01:33.875358 ticker=KXHIGHNY-26FEB10-B38.5 desired=keep
[DIAG] event=TICK_IN log_ts=2026-02-09T19:01:34.157559 tick_ts=2026-02-09T19:01:33.882827 ticker=KXHIGHNY-26FEB10-T32
[DIAG] event=DECISION log_ts=2026-02-09T19:01:34.157597 tick_ts=2026-02-09T19:01:33.882827 ticker=KXHIGHNY-26FEB10-T32 desired=keep
[DIAG] event=TICK_IN log_ts=2026-02-09T19:01:34.157649 tick_ts=2026-02-09T19:01:33.882948 ticker=KXHIGHNY-26FEB10-T32
[DIAG] event=DECISION log_ts=2026-02-09T19:01:34.157688 tick_ts=2026-02-09T19:01:33.882948 ticker=KXHIGHNY-26FEB10-T32 desired=keep
--- Status @ 19:01:34.197 ---
Equity: $9.76
Cash: $9.76
Portfolio Value: $0.00
Daily Budget: $4.88
Exposure: $0.00
[DIAG] event=TICK_IN log_ts=2026-02-09T19:01:34.197578 tick_ts=2026-02-09T19:01:33.883674 ticker=KXHIGHNY-26FEB10-B36.5
[DIAG] event=DECISION log_ts=2026-02-09T19:01:34.197686 tick_ts=2026-02-09T19:01:33.883674 ticker=KXHIGHNY-26FEB10-B36.5 desired=keep
[DIAG] event=TICK_IN log_ts=2026-02-09T19:01:34.197801 tick_ts=2026-02-09T19:01:34.173138 ticker=KXHIGHNY-26FEB10-B36.5
[DIAG] event=DECISION log_ts=2026-02-09T19:01:34.197854 tick_ts=2026-02-09T19:01:34.173138 ticker=KXHIGHNY-26FEB10-B36.5 desired=keep
[DIAG] event=TICK_IN log_ts=2026-02-09T19:01:34.197915 tick_ts=2026-02-09T19:01:34.187234 ticker=KXHIGHNY-26FEB10-T32
[DIAG] event=DECISION log_ts=2026-02-09T19:01:34.197955 tick_ts=2026-02-09T19:01:34.187234 ticker=KXHIGHNY-26FEB10-T32 desired=keep
[DIAG] event=TICK_IN log_ts=2026-02-09T19:01:34.699025 tick_ts=2026-02-09T19:01:34.200667 ticker=KXHIGHNY-26FEB10-B38.5
[DIAG] event=DECISION log_ts=2026-02-09T19:01:34.699146 tick_ts=2026-02-09T19:01:34.200667 ticker=KXHIGHNY-26FEB10-B38.5 desired=keep
[DIAG] event=TICK_IN log_ts=2026-02-09T19:01:34.699237 tick_ts=2026-02-09T19:01:34.200968 ticker=KXHIGHNY-26FEB10-B36.5
[DIAG] event=DECISION log_ts=2026-02-09T19:01:34.699285 tick_ts=2026-02-09T19:01:34.200968 ticker=KXHIGHNY-26FEB10-B36.5 desired=keep
[DIAG] event=TICK_IN log_ts=2026-02-09T19:01:38.708226 tick_ts=2026-02-09T19:01:38.645411 ticker=KXHIGHNY-26FEB10-B32.5
[DIAG] event=DECISION log_ts=2026-02-09T19:01:38.708391 tick_ts=2026-02-09T19:01:38.645411 ticker=KXHIGHNY-26FEB10-B32.5 desired=keep
[DIAG] event=TICK_IN log_ts=2026-02-09T19:01:38.708493 tick_ts=2026-02-09T19:01:38.675412 ticker=KXHIGHNY-26FEB10-T32
[DIAG] event=DECISION log_ts=2026-02-09T19:01:38.708538 tick_ts=2026-02-09T19:01:38.675412 ticker=KXHIGHNY-26FEB10-T32 desired=keep
[DIAG] event=TICK_IN log_ts=2026-02-09T19:01:38.708604 tick_ts=2026-02-09T19:01:38.675908 ticker=KXHIGHNY-26FEB10-B38.5
[DIAG] event=DECISION log_ts=2026-02-09T19:01:38.708645 tick_ts=2026-02-09T19:01:38.675908 ticker=KXHIGHNY-26FEB10-B38.5 desired=keep
[DIAG] event=TICK_IN log_ts=2026-02-09T19:01:38.708703 tick_ts=2026-02-09T19:01:38.700962 ticker=KXHIGHNY-26FEB10-B32.5
[DIAG] event=DECISION log_ts=2026-02-09T19:01:38.708760 tick_ts=2026-02-09T19:01:38.700962 ticker=KXHIGHNY-26FEB10-B32.5 desired=keep
[DIAG] event=TICK_IN log_ts=2026-02-09T19:01:39.210089 tick_ts=2026-02-09T19:01:38.938304 ticker=KXHIGHNY-26FEB10-B32.5
[DIAG] event=DECISION log_ts=2026-02-09T19:01:39.210252 tick_ts=2026-02-09T19:01:38.938304 ticker=KXHIGHNY-26FEB10-B32.5 desired=keep
--- Status @ 19:01:39.252 ---
Equity: $9.76
Cash: $9.76
Portfolio Value: $0.00
Daily Budget: $4.88
Exposure: $0.00
[DIAG] event=TICK_IN log_ts=2026-02-09T19:01:39.252821 tick_ts=2026-02-09T19:01:38.965908 ticker=KXHIGHNY-26FEB10-B32.5
[DIAG] event=DECISION log_ts=2026-02-09T19:01:39.252969 tick_ts=2026-02-09T19:01:38.965908 ticker=KXHIGHNY-26FEB10-B32.5 desired=keep
[DIAG] event=TICK_IN log_ts=2026-02-09T19:01:39.253086 tick_ts=2026-02-09T19:01:39.131988 ticker=KXHIGHNY-26FEB10-B36.5
[DIAG] event=DECISION log_ts=2026-02-09T19:01:39.253149 tick_ts=2026-02-09T19:01:39.131988 ticker=KXHIGHNY-26FEB10-B36.5 desired=keep
[DIAG] event=TICK_IN log_ts=2026-02-09T19:01:39.754720 tick_ts=2026-02-09T19:01:39.302182 ticker=KXHIGHNY-26FEB10-B36.5
[DIAG] event=DECISION log_ts=2026-02-09T19:01:39.754938 tick_ts=2026-02-09T19:01:39.302182 ticker=KXHIGHNY-26FEB10-B36.5 desired=keep
[DIAG] event=TICK_IN log_ts=2026-02-09T19:01:39.755056 tick_ts=2026-02-09T19:01:39.351162 ticker=KXHIGHNY-26FEB10-T32
[DIAG] event=DECISION log_ts=2026-02-09T19:01:39.755118 tick_ts=2026-02-09T19:01:39.351162 ticker=KXHIGHNY-26FEB10-T32 desired=keep
[DIAG] event=TICK_IN log_ts=2026-02-09T19:01:42.762142 tick_ts=2026-02-09T19:01:42.653270 ticker=KXHIGHNY-26FEB10-B32.5
[DIAG] event=DECISION log_ts=2026-02-09T19:01:42.795593 tick_ts=2026-02-09T19:01:42.653270 ticker=KXHIGHNY-26FEB10-B32.5 desired=keep
[DIAG] event=FOLLOW_WAIT log_ts=2026-02-09T19:01:42.795777 tick_ts=2026-02-09T19:01:42.653270 source=market_logs
[DIAG] event=TICK_IN log_ts=2026-02-09T19:01:43.798506 tick_ts=2026-02-09T19:01:43.366000 ticker=KXHIGHNY-26FEB10-B36.5
[DIAG] event=DECISION log_ts=2026-02-09T19:01:43.798677 tick_ts=2026-02-09T19:01:43.366000 ticker=KXHIGHNY-26FEB10-B36.5 desired=keep
[DIAG] event=TICK_IN log_ts=2026-02-09T19:01:45.301926 tick_ts=2026-02-09T19:01:45.031295 ticker=KXHIGHNY-26FEB09-B30.5
[DIAG] event=METRIC log_ts=2026-02-09T19:01:45.338843 tick_ts=2026-02-09T19:01:45.031295 ticker=KXHIGHNY-26FEB09-B30.5 cash=9.76 pos_yes=0 pos_no=0 pending_yes=0 pending_no=0 net_inv=0 actions_last_60s=0 open_orders=0 buy_orders=0 sell_orders=0 recent_open_reject=False
[DIAG] event=DECISION log_ts=2026-02-09T19:01:45.338906 tick_ts=2026-02-09T19:01:45.031295 ticker=KXHIGHNY-26FEB09-B30.5 desired=keep
[DIAG] event=TICK_IN log_ts=2026-02-09T19:01:46.341492 tick_ts=2026-02-09T19:01:46.136925 ticker=KXHIGHNY-26FEB09-B30.5
[DIAG] event=DECISION log_ts=2026-02-09T19:01:46.341724 tick_ts=2026-02-09T19:01:46.136925 ticker=KXHIGHNY-26FEB09-B30.5 desired=keep
[DIAG] event=TICK_IN log_ts=2026-02-09T19:01:52.356635 tick_ts=2026-02-09T19:01:51.981637 ticker=KXHIGHNY-26FEB09-B28.5
[DIAG] event=METRIC log_ts=2026-02-09T19:01:52.356852 tick_ts=2026-02-09T19:01:51.981637 ticker=KXHIGHNY-26FEB09-B28.5 cash=9.76 pos_yes=0 pos_no=0 pending_yes=0 pending_no=0 net_inv=0 actions_last_60s=0 open_orders=0 buy_orders=0 sell_orders=0 recent_open_reject=False
[DIAG] event=DECISION log_ts=2026-02-09T19:01:52.356930 tick_ts=2026-02-09T19:01:51.981637 ticker=KXHIGHNY-26FEB09-B28.5 desired=keep
[DIAG] event=TICK_IN log_ts=2026-02-09T19:02:03.883401 tick_ts=2026-02-09T19:02:03.869823 ticker=KXHIGHNY-26FEB10-B34.5
[DIAG] event=METRIC log_ts=2026-02-09T19:02:03.952528 tick_ts=2026-02-09T19:02:03.869823 ticker=KXHIGHNY-26FEB10-B34.5 cash=9.76 pos_yes=0 pos_no=0 pending_yes=0 pending_no=0 net_inv=0 actions_last_60s=0 open_orders=0 buy_orders=0 sell_orders=0 recent_open_reject=False
[DIAG] event=DECISION log_ts=2026-02-09T19:02:03.952611 tick_ts=2026-02-09T19:02:03.869823 ticker=KXHIGHNY-26FEB10-B34.5 desired=keep
--- Status @ 19:02:03.992 ---
Equity: $9.76
Cash: $9.76
Portfolio Value: $0.00
Daily Budget: $4.88
Exposure: $0.00
[DIAG] event=TICK_IN log_ts=2026-02-09T19:02:04.493808 tick_ts=2026-02-09T19:02:04.385316 ticker=KXHIGHNY-26FEB10-B32.5
[DIAG] event=METRIC log_ts=2026-02-09T19:02:04.493947 tick_ts=2026-02-09T19:02:04.385316 ticker=KXHIGHNY-26FEB10-B32.5 cash=9.76 pos_yes=0 pos_no=0 pending_yes=0 pending_no=0 net_inv=0 actions_last_60s=0 open_orders=0 buy_orders=0 sell_orders=0 recent_open_reject=False
[DIAG] event=DECISION log_ts=2026-02-09T19:02:04.493975 tick_ts=2026-02-09T19:02:04.385316 ticker=KXHIGHNY-26FEB10-B32.5 desired=keep
[DIAG] event=TICK_IN log_ts=2026-02-09T19:02:04.494073 tick_ts=2026-02-09T19:02:04.403315 ticker=KXHIGHNY-26FEB10-B32.5
[DIAG] event=DECISION log_ts=2026-02-09T19:02:04.494121 tick_ts=2026-02-09T19:02:04.403315 ticker=KXHIGHNY-26FEB10-B32.5 desired=keep
[DIAG] event=TICK_IN log_ts=2026-02-09T19:02:06.498602 tick_ts=2026-02-09T19:02:06.155058 ticker=KXHIGHNY-26FEB10-B34.5
[DIAG] event=DECISION log_ts=2026-02-09T19:02:06.498763 tick_ts=2026-02-09T19:02:06.155058 ticker=KXHIGHNY-26FEB10-B34.5 desired=keep
[DIAG] event=TICK_IN log_ts=2026-02-09T19:02:06.498890 tick_ts=2026-02-09T19:02:06.155183 ticker=KXHIGHNY-26FEB10-B34.5
[DIAG] event=DECISION log_ts=2026-02-09T19:02:06.498947 tick_ts=2026-02-09T19:02:06.155183 ticker=KXHIGHNY-26FEB10-B34.5 desired=keep
[DIAG] event=TICK_IN log_ts=2026-02-09T19:02:06.499009 tick_ts=2026-02-09T19:02:06.187020 ticker=KXHIGHNY-26FEB10-B38.5
[DIAG] event=METRIC log_ts=2026-02-09T19:02:06.499059 tick_ts=2026-02-09T19:02:06.187020 ticker=KXHIGHNY-26FEB10-B38.5 cash=9.76 pos_yes=0 pos_no=0 pending_yes=0 pending_no=0 net_inv=0 actions_last_60s=0 open_orders=0 buy_orders=0 sell_orders=0 recent_open_reject=False
[DIAG] event=DECISION log_ts=2026-02-09T19:02:06.499081 tick_ts=2026-02-09T19:02:06.187020 ticker=KXHIGHNY-26FEB10-B38.5 desired=keep
[DIAG] event=TICK_IN log_ts=2026-02-09T19:02:06.499216 tick_ts=2026-02-09T19:02:06.187663 ticker=KXHIGHNY-26FEB10-T32
[DIAG] event=METRIC log_ts=2026-02-09T19:02:06.499269 tick_ts=2026-02-09T19:02:06.187663 ticker=KXHIGHNY-26FEB10-T32 cash=9.76 pos_yes=0 pos_no=0 pending_yes=0 pending_no=0 net_inv=0 actions_last_60s=0 open_orders=0 buy_orders=0 sell_orders=0 recent_open_reject=False
[DIAG] event=DECISION log_ts=2026-02-09T19:02:06.499287 tick_ts=2026-02-09T19:02:06.187663 ticker=KXHIGHNY-26FEB10-T32 desired=keep
[DIAG] event=TICK_IN log_ts=2026-02-09T19:02:06.499345 tick_ts=2026-02-09T19:02:06.187879 ticker=KXHIGHNY-26FEB10-B32.5
[DIAG] event=DECISION log_ts=2026-02-09T19:02:06.499386 tick_ts=2026-02-09T19:02:06.187879 ticker=KXHIGHNY-26FEB10-B32.5 desired=keep
[DIAG] event=TICK_IN log_ts=2026-02-09T19:02:06.499658 tick_ts=2026-02-09T19:02:06.187954 ticker=KXHIGHNY-26FEB10-B34.5
[DIAG] event=DECISION log_ts=2026-02-09T19:02:06.499721 tick_ts=2026-02-09T19:02:06.187954 ticker=KXHIGHNY-26FEB10-B34.5 desired=keep
[DIAG] event=TICK_IN log_ts=2026-02-09T19:02:06.499790 tick_ts=2026-02-09T19:02:06.199040 ticker=KXHIGHNY-26FEB10-B36.5
[DIAG] event=METRIC log_ts=2026-02-09T19:02:06.499838 tick_ts=2026-02-09T19:02:06.199040 ticker=KXHIGHNY-26FEB10-B36.5 cash=9.76 pos_yes=0 pos_no=0 pending_yes=0 pending_no=0 net_inv=0 actions_last_60s=0 open_orders=0 buy_orders=0 sell_orders=0 recent_open_reject=False
[DIAG] event=DECISION log_ts=2026-02-09T19:02:06.499857 tick_ts=2026-02-09T19:02:06.199040 ticker=KXHIGHNY-26FEB10-B36.5 desired=keep
[DIAG] event=FOLLOW_WAIT log_ts=2026-02-09T19:02:13.014740 tick_ts=2026-02-09T19:02:06.199040 source=market_logs
[DIAG] event=TICK_IN log_ts=2026-02-09T19:02:21.534885 tick_ts=2026-02-09T19:02:21.111827 ticker=KXHIGHNY-26FEB10-B32.5
DEBUG: Sync Cash | Old: 9.76 | New (API): 9.76
[DIAG] event=DECISION log_ts=2026-02-09T19:02:21.675225 tick_ts=2026-02-09T19:02:21.111827 ticker=KXHIGHNY-26FEB10-B32.5 desired=keep
--- Status @ 19:02:21.715 ---
Equity: $9.76
Cash: $9.76
Portfolio Value: $0.00
Daily Budget: $4.88
Exposure: $0.00
[DIAG] event=TICK_IN log_ts=2026-02-09T19:02:21.715645 tick_ts=2026-02-09T19:02:21.144135 ticker=KXHIGHNY-26FEB10-B32.5
[DIAG] event=DECISION log_ts=2026-02-09T19:02:21.715770 tick_ts=2026-02-09T19:02:21.144135 ticker=KXHIGHNY-26FEB10-B32.5 desired=keep
[DIAG] event=TICK_IN log_ts=2026-02-09T19:02:25.727152 tick_ts=2026-02-09T19:02:25.355650 ticker=KXHIGHNY-26FEB09-B28.5
[DIAG] event=METRIC log_ts=2026-02-09T19:02:25.727390 tick_ts=2026-02-09T19:02:25.355650 ticker=KXHIGHNY-26FEB09-B28.5 cash=9.76 pos_yes=0 pos_no=0 pending_yes=0 pending_no=0 net_inv=0 actions_last_60s=0 open_orders=0 buy_orders=0 sell_orders=0 recent_open_reject=False
[DIAG] event=DECISION log_ts=2026-02-09T19:02:25.727649 tick_ts=2026-02-09T19:02:25.355650 ticker=KXHIGHNY-26FEB09-B28.5 desired=keep
[DIAG] event=TICK_IN log_ts=2026-02-09T19:02:25.728014 tick_ts=2026-02-09T19:02:25.477846 ticker=KXHIGHNY-26FEB10-B36.5
[DIAG] event=DECISION log_ts=2026-02-09T19:02:25.728135 tick_ts=2026-02-09T19:02:25.477846 ticker=KXHIGHNY-26FEB10-B36.5 desired=keep
[DIAG] event=TICK_IN log_ts=2026-02-09T19:02:32.745601 tick_ts=2026-02-09T19:02:32.740314 ticker=KXHIGHNY-26FEB10-B36.5
[DIAG] event=DECISION log_ts=2026-02-09T19:02:32.822904 tick_ts=2026-02-09T19:02:32.740314 ticker=KXHIGHNY-26FEB10-B36.5 desired=keep
[DIAG] event=FOLLOW_WAIT log_ts=2026-02-09T19:02:43.348038 tick_ts=2026-02-09T19:02:32.740314 source=market_logs
[DIAG] event=TICK_IN log_ts=2026-02-09T19:02:46.356421 tick_ts=2026-02-09T19:02:46.036337 ticker=KXHIGHNY-26FEB09-B30.5
[DIAG] event=METRIC log_ts=2026-02-09T19:02:46.424095 tick_ts=2026-02-09T19:02:46.036337 ticker=KXHIGHNY-26FEB09-B30.5 cash=9.76 pos_yes=0 pos_no=0 pending_yes=0 pending_no=0 net_inv=0 actions_last_60s=0 open_orders=0 buy_orders=0 sell_orders=0 recent_open_reject=False
[DIAG] event=DECISION log_ts=2026-02-09T19:02:46.424155 tick_ts=2026-02-09T19:02:46.036337 ticker=KXHIGHNY-26FEB09-B30.5 desired=keep
[DIAG] event=TICK_IN log_ts=2026-02-09T19:02:47.426782 tick_ts=2026-02-09T19:02:47.169038 ticker=KXHIGHNY-26FEB09-B30.5
[DIAG] event=DECISION log_ts=2026-02-09T19:02:47.426969 tick_ts=2026-02-09T19:02:47.169038 ticker=KXHIGHNY-26FEB09-B30.5 desired=keep
